Archive member included to satisfy reference by file (symbol)

c:/st/stm32cubeide_1.12.0/stm32cubeide/plugins/com.st.stm32cube.ide.mcu.externaltools.gnu-tools-for-stm32.10.3-2021.10.win32_1.0.200.202301161003/tools/bin/../lib/gcc/arm-none-eabi/10.3.1/../../../../arm-none-eabi/lib/thumb/v7e-m+fp/hard\libc_nano.a(lib_a-errno.o)
                              ./Core/Src/syscalls.o (__errno)
c:/st/stm32cubeide_1.12.0/stm32cubeide/plugins/com.st.stm32cube.ide.mcu.externaltools.gnu-tools-for-stm32.10.3-2021.10.win32_1.0.200.202301161003/tools/bin/../lib/gcc/arm-none-eabi/10.3.1/../../../../arm-none-eabi/lib/thumb/v7e-m+fp/hard\libc_nano.a(lib_a-exit.o)
                              c:/st/stm32cubeide_1.12.0/stm32cubeide/plugins/com.st.stm32cube.ide.mcu.externaltools.gnu-tools-for-stm32.10.3-2021.10.win32_1.0.200.202301161003/tools/bin/../lib/gcc/arm-none-eabi/10.3.1/../../../../arm-none-eabi/lib/thumb/v7e-m+fp/hard/crt0.o (exit)
c:/st/stm32cubeide_1.12.0/stm32cubeide/plugins/com.st.stm32cube.ide.mcu.externaltools.gnu-tools-for-stm32.10.3-2021.10.win32_1.0.200.202301161003/tools/bin/../lib/gcc/arm-none-eabi/10.3.1/../../../../arm-none-eabi/lib/thumb/v7e-m+fp/hard\libc_nano.a(lib_a-impure.o)
                              c:/st/stm32cubeide_1.12.0/stm32cubeide/plugins/com.st.stm32cube.ide.mcu.externaltools.gnu-tools-for-stm32.10.3-2021.10.win32_1.0.200.202301161003/tools/bin/../lib/gcc/arm-none-eabi/10.3.1/../../../../arm-none-eabi/lib/thumb/v7e-m+fp/hard\libc_nano.a(lib_a-exit.o) (_global_impure_ptr)
c:/st/stm32cubeide_1.12.0/stm32cubeide/plugins/com.st.stm32cube.ide.mcu.externaltools.gnu-tools-for-stm32.10.3-2021.10.win32_1.0.200.202301161003/tools/bin/../lib/gcc/arm-none-eabi/10.3.1/../../../../arm-none-eabi/lib/thumb/v7e-m+fp/hard\libc_nano.a(lib_a-init.o)
                              c:/st/stm32cubeide_1.12.0/stm32cubeide/plugins/com.st.stm32cube.ide.mcu.externaltools.gnu-tools-for-stm32.10.3-2021.10.win32_1.0.200.202301161003/tools/bin/../lib/gcc/arm-none-eabi/10.3.1/../../../../arm-none-eabi/lib/thumb/v7e-m+fp/hard/crt0.o (__libc_init_array)
c:/st/stm32cubeide_1.12.0/stm32cubeide/plugins/com.st.stm32cube.ide.mcu.externaltools.gnu-tools-for-stm32.10.3-2021.10.win32_1.0.200.202301161003/tools/bin/../lib/gcc/arm-none-eabi/10.3.1/../../../../arm-none-eabi/lib/thumb/v7e-m+fp/hard\libc_nano.a(lib_a-memset.o)
                              c:/st/stm32cubeide_1.12.0/stm32cubeide/plugins/com.st.stm32cube.ide.mcu.externaltools.gnu-tools-for-stm32.10.3-2021.10.win32_1.0.200.202301161003/tools/bin/../lib/gcc/arm-none-eabi/10.3.1/../../../../arm-none-eabi/lib/thumb/v7e-m+fp/hard/crt0.o (memset)
c:/st/stm32cubeide_1.12.0/stm32cubeide/plugins/com.st.stm32cube.ide.mcu.externaltools.gnu-tools-for-stm32.10.3-2021.10.win32_1.0.200.202301161003/tools/bin/../lib/gcc/arm-none-eabi/10.3.1/thumb/v7e-m+fp/hard\libgcc.a(_aeabi_uldivmod.o)
                              ./Drivers/STM32F4xx_HAL_Driver/Src/stm32f4xx_hal_rcc.o (__aeabi_uldivmod)
c:/st/stm32cubeide_1.12.0/stm32cubeide/plugins/com.st.stm32cube.ide.mcu.externaltools.gnu-tools-for-stm32.10.3-2021.10.win32_1.0.200.202301161003/tools/bin/../lib/gcc/arm-none-eabi/10.3.1/thumb/v7e-m+fp/hard\libgcc.a(_udivmoddi4.o)
                              c:/st/stm32cubeide_1.12.0/stm32cubeide/plugins/com.st.stm32cube.ide.mcu.externaltools.gnu-tools-for-stm32.10.3-2021.10.win32_1.0.200.202301161003/tools/bin/../lib/gcc/arm-none-eabi/10.3.1/thumb/v7e-m+fp/hard\libgcc.a(_aeabi_uldivmod.o) (__udivmoddi4)
c:/st/stm32cubeide_1.12.0/stm32cubeide/plugins/com.st.stm32cube.ide.mcu.externaltools.gnu-tools-for-stm32.10.3-2021.10.win32_1.0.200.202301161003/tools/bin/../lib/gcc/arm-none-eabi/10.3.1/thumb/v7e-m+fp/hard\libgcc.a(_dvmd_tls.o)
                              c:/st/stm32cubeide_1.12.0/stm32cubeide/plugins/com.st.stm32cube.ide.mcu.externaltools.gnu-tools-for-stm32.10.3-2021.10.win32_1.0.200.202301161003/tools/bin/../lib/gcc/arm-none-eabi/10.3.1/thumb/v7e-m+fp/hard\libgcc.a(_aeabi_uldivmod.o) (__aeabi_ldiv0)

Discarded input sections

 .text          0x0000000000000000        0x0 c:/st/stm32cubeide_1.12.0/stm32cubeide/plugins/com.st.stm32cube.ide.mcu.externaltools.gnu-tools-for-stm32.10.3-2021.10.win32_1.0.200.202301161003/tools/bin/../lib/gcc/arm-none-eabi/10.3.1/thumb/v7e-m+fp/hard/crti.o
 .data          0x0000000000000000        0x0 c:/st/stm32cubeide_1.12.0/stm32cubeide/plugins/com.st.stm32cube.ide.mcu.externaltools.gnu-tools-for-stm32.10.3-2021.10.win32_1.0.200.202301161003/tools/bin/../lib/gcc/arm-none-eabi/10.3.1/thumb/v7e-m+fp/hard/crti.o
 .bss           0x0000000000000000        0x0 c:/st/stm32cubeide_1.12.0/stm32cubeide/plugins/com.st.stm32cube.ide.mcu.externaltools.gnu-tools-for-stm32.10.3-2021.10.win32_1.0.200.202301161003/tools/bin/../lib/gcc/arm-none-eabi/10.3.1/thumb/v7e-m+fp/hard/crti.o
[...]
Memory Configuration

Name             Origin             Length             Attributes
CCMRAM           0x0000000010000000 0x0000000000010000 xrw
RAM              0x0000000020000000 0x0000000000020000 xrw
FLASH            0x0000000008000000 0x0000000000100000 xr
*default*        0x0000000000000000 0xffffffffffffffff

Linker script and memory map

LOAD c:/st/stm32cubeide_1.12.0/stm32cubeide/plugins/com.st.stm32cube.ide.mcu.externaltools.gnu-tools-for-stm32.10.3-2021.10.win32_1.0.200.202301161003/tools/bin/../lib/gcc/arm-none-eabi/10.3.1/thumb/v7e-m+fp/hard/crti.o
LOAD c:/st/stm32cubeide_1.12.0/stm32cubeide/plugins/com.st.stm32cube.ide.mcu.externaltools.gnu-tools-for-stm32.10.3-2021.10.win32_1.0.200.202301161003/tools/bin/../lib/gcc/arm-none-eabi/10.3.1/thumb/v7e-m+fp/hard/crtbegin.o
LOAD c:/st/stm32cubeide_1.12.0/stm32cubeide/plugins/com.st.stm32cube.ide.mcu.externaltools.gnu-tools-for-stm32.10.3-2021.10.win32_1.0.200.202301161003/tools/bin/../lib/gcc/arm-none-eabi/10.3.1/../../../../arm-none-eabi/lib/thumb/v7e-m+fp/hard/crt0.o
LOAD ./Core/Src/main.o
LOAD ./Core/Src/stm32f4xx_hal_msp.o
LOAD ./Core/Src/stm32f4xx_it.o
LOAD ./Core/Src/syscalls.o
LOAD ./Core/Src/sysmem.o
LOAD ./Core/Src/system_stm32f4xx.o
LOAD ./Core/Startup/startup_stm32f407vgtx.o
LOAD ./Drivers/STM32F4xx_HAL_Driver/Src/stm32f4xx_hal.o
LOAD ./Drivers/STM32F4xx_HAL_Driver/Src/stm32f4xx_hal_cortex.o
LOAD ./Drivers/STM32F4xx_HAL_Driver/Src/stm32f4xx_hal_dma.o
LOAD ./Drivers/STM32F4xx_HAL_Driver/Src/stm32f4xx_hal_dma_ex.o
LOAD ./Drivers/STM32F4xx_HAL_Driver/Src/stm32f4xx_hal_exti.o
LOAD ./Drivers/STM32F4xx_HAL_Driver/Src/stm32f4xx_hal_flash.o
LOAD ./Drivers/STM32F4xx_HAL_Driver/Src/stm32f4xx_hal_flash_ex.o
LOAD ./Drivers/STM32F4xx_HAL_Driver/Src/stm32f4xx_hal_flash_ramfunc.o
LOAD ./Drivers/STM32F4xx_HAL_Driver/Src/stm32f4xx_hal_gpio.o
LOAD ./Drivers/STM32F4xx_HAL_Driver/Src/stm32f4xx_hal_pcd.o
LOAD ./Drivers/STM32F4xx_HAL_Driver/Src/stm32f4xx_hal_pcd_ex.o
LOAD ./Drivers/STM32F4xx_HAL_Driver/Src/stm32f4xx_hal_pwr.o
LOAD ./Drivers/STM32F4xx_HAL_Driver/Src/stm32f4xx_hal_pwr_ex.o
LOAD ./Drivers/STM32F4xx_HAL_Driver/Src/stm32f4xx_hal_rcc.o
LOAD ./Drivers/STM32F4xx_HAL_Driver/Src/stm32f4xx_hal_rcc_ex.o
LOAD ./Drivers/STM32F4xx_HAL_Driver/Src/stm32f4xx_ll_usb.o
LOAD ./Freemaster/freemaster_Kxx.o
LOAD ./Freemaster/freemaster_appcmd.o
LOAD ./Freemaster/freemaster_bdm.o
LOAD ./Freemaster/freemaster_can.o
LOAD ./Freemaster/freemaster_lin.o
LOAD ./Freemaster/freemaster_pipes.o
LOAD ./Freemaster/freemaster_protocol.o
LOAD ./Freemaster/freemaster_rec.o
LOAD ./Freemaster/freemaster_scope.o
LOAD ./Freemaster/freemaster_serial.o
LOAD ./Freemaster/freemaster_sfio.o
LOAD ./Freemaster/freemaster_tsa.o
LOAD ./Middlewares/ST/STM32_USB_Device_Library/Class/CDC/Src/usbd_cdc.o
LOAD ./Middlewares/ST/STM32_USB_Device_Library/Core/Src/usbd_core.o
LOAD ./Middlewares/ST/STM32_USB_Device_Library/Core/Src/usbd_ctlreq.o
LOAD ./Middlewares/ST/STM32_USB_Device_Library/Core/Src/usbd_ioreq.o
LOAD ./USB_DEVICE/App/usb_device.o
LOAD ./USB_DEVICE/App/usbd_cdc_if.o
LOAD ./USB_DEVICE/App/usbd_desc.o
LOAD ./USB_DEVICE/Target/usbd_conf.o
START GROUP
LOAD c:/st/stm32cubeide_1.12.0/stm32cubeide/plugins/com.st.stm32cube.ide.mcu.externaltools.gnu-tools-for-stm32.10.3-2021.10.win32_1.0.200.202301161003/tools/bin/../lib/gcc/arm-none-eabi/10.3.1/../../../../arm-none-eabi/lib/thumb/v7e-m+fp/hard\libc_nano.a
LOAD c:/st/stm32cubeide_1.12.0/stm32cubeide/plugins/com.st.stm32cube.ide.mcu.externaltools.gnu-tools-for-stm32.10.3-2021.10.win32_1.0.200.202301161003/tools/bin/../lib/gcc/arm-none-eabi/10.3.1/../../../../arm-none-eabi/lib/thumb/v7e-m+fp/hard\libm.a
END GROUP
START GROUP
LOAD c:/st/stm32cubeide_1.12.0/stm32cubeide/plugins/com.st.stm32cube.ide.mcu.externaltools.gnu-tools-for-stm32.10.3-2021.10.win32_1.0.200.202301161003/tools/bin/../lib/gcc/arm-none-eabi/10.3.1/thumb/v7e-m+fp/hard\libgcc.a
LOAD c:/st/stm32cubeide_1.12.0/stm32cubeide/plugins/com.st.stm32cube.ide.mcu.externaltools.gnu-tools-for-stm32.10.3-2021.10.win32_1.0.200.202301161003/tools/bin/../lib/gcc/arm-none-eabi/10.3.1/../../../../arm-none-eabi/lib/thumb/v7e-m+fp/hard\libc_nano.a
END GROUP
START GROUP
LOAD c:/st/stm32cubeide_1.12.0/stm32cubeide/plugins/com.st.stm32cube.ide.mcu.externaltools.gnu-tools-for-stm32.10.3-2021.10.win32_1.0.200.202301161003/tools/bin/../lib/gcc/arm-none-eabi/10.3.1/thumb/v7e-m+fp/hard\libgcc.a
LOAD c:/st/stm32cubeide_1.12.0/stm32cubeide/plugins/com.st.stm32cube.ide.mcu.externaltools.gnu-tools-for-stm32.10.3-2021.10.win32_1.0.200.202301161003/tools/bin/../lib/gcc/arm-none-eabi/10.3.1/../../../../arm-none-eabi/lib/thumb/v7e-m+fp/hard\libc_nano.a
LOAD c:/st/stm32cubeide_1.12.0/stm32cubeide/plugins/com.st.stm32cube.ide.mcu.externaltools.gnu-tools-for-stm32.10.3-2021.10.win32_1.0.200.202301161003/tools/bin/../lib/gcc/arm-none-eabi/10.3.1/../../../../arm-none-eabi/lib/thumb/v7e-m+fp/hard\libnosys.a
END GROUP
START GROUP
LOAD c:/st/stm32cubeide_1.12.0/stm32cubeide/plugins/com.st.stm32cube.ide.mcu.externaltools.gnu-tools-for-stm32.10.3-2021.10.win32_1.0.200.202301161003/tools/bin/../lib/gcc/arm-none-eabi/10.3.1/thumb/v7e-m+fp/hard\libgcc.a
LOAD c:/st/stm32cubeide_1.12.0/stm32cubeide/plugins/com.st.stm32cube.ide.mcu.externaltools.gnu-tools-for-stm32.10.3-2021.10.win32_1.0.200.202301161003/tools/bin/../lib/gcc/arm-none-eabi/10.3.1/../../../../arm-none-eabi/lib/thumb/v7e-m+fp/hard\libc_nano.a
LOAD c:/st/stm32cubeide_1.12.0/stm32cubeide/plugins/com.st.stm32cube.ide.mcu.externaltools.gnu-tools-for-stm32.10.3-2021.10.win32_1.0.200.202301161003/tools/bin/../lib/gcc/arm-none-eabi/10.3.1/../../../../arm-none-eabi/lib/thumb/v7e-m+fp/hard\libnosys.a
END GROUP
LOAD c:/st/stm32cubeide_1.12.0/stm32cubeide/plugins/com.st.stm32cube.ide.mcu.externaltools.gnu-tools-for-stm32.10.3-2021.10.win32_1.0.200.202301161003/tools/bin/../lib/gcc/arm-none-eabi/10.3.1/thumb/v7e-m+fp/hard/crtend.o
LOAD c:/st/stm32cubeide_1.12.0/stm32cubeide/plugins/com.st.stm32cube.ide.mcu.externaltools.gnu-tools-for-stm32.10.3-2021.10.win32_1.0.200.202301161003/tools/bin/../lib/gcc/arm-none-eabi/10.3.1/thumb/v7e-m+fp/hard/crtn.o
                0x0000000020020000                _estack = (ORIGIN (RAM) + LENGTH (RAM))
                0x0000000000000200                _Min_Heap_Size = 0x200
                0x0000000000000400                _Min_Stack_Size = 0x400

.isr_vector     0x0000000008000000      0x188
                0x0000000008000000                . = ALIGN (0x4)
 *(.isr_vector)
 .isr_vector    0x0000000008000000      0x188 ./Core/Startup/startup_stm32f407vgtx.o
                0x0000000008000000                g_pfnVectors
                0x0000000008000188                . = ALIGN (0x4)

.text           0x0000000008000188     0x7f14
                0x0000000008000188                . = ALIGN (0x4)
 *(.text)
 .text          0x0000000008000188       0x40 c:/st/stm32cubeide_1.12.0/stm32cubeide/plugins/com.st.stm32cube.ide.mcu.externaltools.gnu-tools-for-stm32.10.3-2021.10.win32_1.0.200.202301161003/tools/bin/../lib/gcc/arm-none-eabi/10.3.1/thumb/v7e-m+fp/hard/crtbegin.o
 .text          0x00000000080001c8       0x30 c:/st/stm32cubeide_1.12.0/stm32cubeide/plugins/com.st.stm32cube.ide.mcu.externaltools.gnu-tools-for-stm32.10.3-2021.10.win32_1.0.200.202301161003/tools/bin/../lib/gcc/arm-none-eabi/10.3.1/thumb/v7e-m+fp/hard\libgcc.a(_aeabi_uldivmod.o)
                0x00000000080001c8                __aeabi_uldivmod
 .text          0x00000000080001f8      0x2d0 c:/st/stm32cubeide_1.12.0/stm32cubeide/plugins/com.st.stm32cube.ide.mcu.externaltools.gnu-tools-for-stm32.10.3-2021.10.win32_1.0.200.202301161003/tools/bin/../lib/gcc/arm-none-eabi/10.3.1/thumb/v7e-m+fp/hard\libgcc.a(_udivmoddi4.o)
                0x00000000080001f8                __udivmoddi4
 .text          0x00000000080004c8        0x4 c:/st/stm32cubeide_1.12.0/stm32cubeide/plugins/com.st.stm32cube.ide.mcu.externaltools.gnu-tools-for-stm32.10.3-2021.10.win32_1.0.200.202301161003/tools/bin/../lib/gcc/arm-none-eabi/10.3.1/thumb/v7e-m+fp/hard\libgcc.a(_dvmd_tls.o)
                0x00000000080004c8                __aeabi_idiv0
                0x00000000080004c8                __aeabi_ldiv0
 *(.text*)
 .text.main     0x00000000080004cc       0x1e ./Core/Src/main.o
                0x00000000080004cc                main
 *fill*         0x00000000080004ea        0x2 
 .text.SystemClock_Config
                0x00000000080004ec       0xd4 ./Core/Src/main.o
                0x00000000080004ec                SystemClock_Config
 .text.MX_GPIO_Init
                0x00000000080005c0       0xa4 ./Core/Src/main.o
 .text.Error_Handler
                0x0000000008000664        0xa ./Core/Src/main.o
                0x0000000008000664                Error_Handler
 *fill*         0x000000000800066e        0x2 
 .text.HAL_MspInit
                0x0000000008000670       0x50 ./Core/Src/stm32f4xx_hal_msp.o
                0x0000000008000670                HAL_MspInit
 .text.NMI_Handler
                0x00000000080006c0        0x6 ./Core/Src/stm32f4xx_it.o
                0x00000000080006c0                NMI_Handler
 .text.HardFault_Handler
                0x00000000080006c6        0x6 ./Core/Src/stm32f4xx_it.o
                0x00000000080006c6                HardFault_Handler
 .text.MemManage_Handler
                0x00000000080006cc        0x6 ./Core/Src/stm32f4xx_it.o
                0x00000000080006cc                MemManage_Handler
 .text.BusFault_Handler
                0x00000000080006d2        0x6 ./Core/Src/stm32f4xx_it.o
                0x00000000080006d2                BusFault_Handler
 .text.UsageFault_Handler
                0x00000000080006d8        0x6 ./Core/Src/stm32f4xx_it.o
                0x00000000080006d8                UsageFault_Handler
 .text.SVC_Handler
                0x00000000080006de        0xe ./Core/Src/stm32f4xx_it.o
                0x00000000080006de                SVC_Handler
 .text.DebugMon_Handler
                0x00000000080006ec        0xe ./Core/Src/stm32f4xx_it.o
                0x00000000080006ec                DebugMon_Handler
 .text.PendSV_Handler
                0x00000000080006fa        0xe ./Core/Src/stm32f4xx_it.o
                0x00000000080006fa                PendSV_Handler
 .text.SysTick_Handler
                0x0000000008000708        0xc ./Core/Src/stm32f4xx_it.o
                0x0000000008000708                SysTick_Handler
 .text.OTG_FS_IRQHandler
                0x0000000008000714       0x14 ./Core/Src/stm32f4xx_it.o
                0x0000000008000714                OTG_FS_IRQHandler
 .text.SystemInit
                0x0000000008000728       0x24 ./Core/Src/system_stm32f4xx.o
                0x0000000008000728                SystemInit
 .text.Reset_Handler
                0x000000000800074c       0x50 ./Core/Startup/startup_stm32f407vgtx.o
                0x000000000800074c                Reset_Handler
 .text.Default_Handler
                0x000000000800079c        0x2 ./Core/Startup/startup_stm32f407vgtx.o
                0x000000000800079c                RTC_Alarm_IRQHandler
                0x000000000800079c                HASH_RNG_IRQHandler
                0x000000000800079c                EXTI2_IRQHandler
                0x000000000800079c                TIM8_CC_IRQHandler
                0x000000000800079c                TIM1_CC_IRQHandler
                0x000000000800079c                DMA2_Stream5_IRQHandler
                0x000000000800079c                DMA1_Stream5_IRQHandler
                0x000000000800079c                PVD_IRQHandler
                0x000000000800079c                SDIO_IRQHandler
                0x000000000800079c                TAMP_STAMP_IRQHandler
                0x000000000800079c                CAN2_RX1_IRQHandler
                0x000000000800079c                EXTI3_IRQHandler
                0x000000000800079c                TIM8_TRG_COM_TIM14_IRQHandler
                0x000000000800079c                TIM1_UP_TIM10_IRQHandler
                0x000000000800079c                TIM8_UP_TIM13_IRQHandler
                0x000000000800079c                I2C3_ER_IRQHandler
                0x000000000800079c                EXTI0_IRQHandler
                0x000000000800079c                I2C2_EV_IRQHandler
                0x000000000800079c                DMA1_Stream2_IRQHandler
                0x000000000800079c                CAN1_RX0_IRQHandler
                0x000000000800079c                FPU_IRQHandler
                0x000000000800079c                OTG_HS_WKUP_IRQHandler
                0x000000000800079c                CAN2_SCE_IRQHandler
                0x000000000800079c                DMA2_Stream2_IRQHandler
                0x000000000800079c                SPI1_IRQHandler
                0x000000000800079c                TIM6_DAC_IRQHandler
                0x000000000800079c                TIM1_BRK_TIM9_IRQHandler
                0x000000000800079c                DCMI_IRQHandler
                0x000000000800079c                CAN2_RX0_IRQHandler
                0x000000000800079c                DMA2_Stream3_IRQHandler
                0x000000000800079c                USART6_IRQHandler
                0x000000000800079c                USART3_IRQHandler
                0x000000000800079c                CAN1_RX1_IRQHandler
                0x000000000800079c                UART5_IRQHandler
                0x000000000800079c                DMA2_Stream0_IRQHandler
                0x000000000800079c                TIM4_IRQHandler
                0x000000000800079c                I2C1_EV_IRQHandler
                0x000000000800079c                DMA1_Stream6_IRQHandler
                0x000000000800079c                DMA1_Stream1_IRQHandler
                0x000000000800079c                UART4_IRQHandler
                0x000000000800079c                TIM3_IRQHandler
                0x000000000800079c                RCC_IRQHandler
                0x000000000800079c                TIM8_BRK_TIM12_IRQHandler
                0x000000000800079c                Default_Handler
                0x000000000800079c                EXTI15_10_IRQHandler
                0x000000000800079c                ADC_IRQHandler
                0x000000000800079c                DMA1_Stream7_IRQHandler
                0x000000000800079c                TIM7_IRQHandler
                0x000000000800079c                CAN2_TX_IRQHandler
                0x000000000800079c                TIM5_IRQHandler
                0x000000000800079c                DMA2_Stream7_IRQHandler
                0x000000000800079c                I2C3_EV_IRQHandler
                0x000000000800079c                EXTI9_5_IRQHandler
                0x000000000800079c                RTC_WKUP_IRQHandler
                0x000000000800079c                ETH_WKUP_IRQHandler
                0x000000000800079c                SPI2_IRQHandler
                0x000000000800079c                OTG_HS_EP1_IN_IRQHandler
                0x000000000800079c                DMA1_Stream0_IRQHandler
                0x000000000800079c                CAN1_TX_IRQHandler
                0x000000000800079c                EXTI4_IRQHandler
                0x000000000800079c                FSMC_IRQHandler
                0x000000000800079c                ETH_IRQHandler
                0x000000000800079c                OTG_HS_EP1_OUT_IRQHandler
                0x000000000800079c                WWDG_IRQHandler
                0x000000000800079c                TIM2_IRQHandler
                0x000000000800079c                OTG_FS_WKUP_IRQHandler
                0x000000000800079c                TIM1_TRG_COM_TIM11_IRQHandler
                0x000000000800079c                OTG_HS_IRQHandler
                0x000000000800079c                EXTI1_IRQHandler
                0x000000000800079c                USART2_IRQHandler
                0x000000000800079c                I2C2_ER_IRQHandler
                0x000000000800079c                DMA2_Stream1_IRQHandler
                0x000000000800079c                CAN1_SCE_IRQHandler
                0x000000000800079c                FLASH_IRQHandler
                0x000000000800079c                DMA2_Stream4_IRQHandler
                0x000000000800079c                USART1_IRQHandler
                0x000000000800079c                SPI3_IRQHandler
                0x000000000800079c                DMA1_Stream4_IRQHandler
                0x000000000800079c                I2C1_ER_IRQHandler
                0x000000000800079c                DMA2_Stream6_IRQHandler
                0x000000000800079c                DMA1_Stream3_IRQHandler
 *fill*         0x000000000800079e        0x2 
 .text.HAL_Init
                0x00000000080007a0       0x44 ./Drivers/STM32F4xx_HAL_Driver/Src/stm32f4xx_hal.o
                0x00000000080007a0                HAL_Init
 .text.HAL_InitTick
                0x00000000080007e4       0x60 ./Drivers/STM32F4xx_HAL_Driver/Src/stm32f4xx_hal.o
                0x00000000080007e4                HAL_InitTick
 .text.HAL_IncTick
                0x0000000008000844       0x28 ./Drivers/STM32F4xx_HAL_Driver/Src/stm32f4xx_hal.o
                0x0000000008000844                HAL_IncTick
 .text.HAL_GetTick
                0x000000000800086c       0x18 ./Drivers/STM32F4xx_HAL_Driver/Src/stm32f4xx_hal.o
                0x000000000800086c                HAL_GetTick
 .text.HAL_Delay
                0x0000000008000884       0x48 ./Drivers/STM32F4xx_HAL_Driver/Src/stm32f4xx_hal.o
                0x0000000008000884                HAL_Delay
 .text.__NVIC_SetPriorityGrouping
                0x00000000080008cc       0x48 ./Drivers/STM32F4xx_HAL_Driver/Src/stm32f4xx_hal_cortex.o
 .text.__NVIC_GetPriorityGrouping
                0x0000000008000914       0x1c ./Drivers/STM32F4xx_HAL_Driver/Src/stm32f4xx_hal_cortex.o
 .text.__NVIC_EnableIRQ
                0x0000000008000930       0x3c ./Drivers/STM32F4xx_HAL_Driver/Src/stm32f4xx_hal_cortex.o
 .text.__NVIC_SetPriority
                0x000000000800096c       0x54 ./Drivers/STM32F4xx_HAL_Driver/Src/stm32f4xx_hal_cortex.o
 .text.NVIC_EncodePriority
                0x00000000080009c0       0x66 ./Drivers/STM32F4xx_HAL_Driver/Src/stm32f4xx_hal_cortex.o
 *fill*         0x0000000008000a26        0x2 
 .text.SysTick_Config
                0x0000000008000a28       0x44 ./Drivers/STM32F4xx_HAL_Driver/Src/stm32f4xx_hal_cortex.o
 .text.HAL_NVIC_SetPriorityGrouping
                0x0000000008000a6c       0x16 ./Drivers/STM32F4xx_HAL_Driver/Src/stm32f4xx_hal_cortex.o
                0x0000000008000a6c                HAL_NVIC_SetPriorityGrouping
 .text.HAL_NVIC_SetPriority
                0x0000000008000a82       0x38 ./Drivers/STM32F4xx_HAL_Driver/Src/stm32f4xx_hal_cortex.o
                0x0000000008000a82                HAL_NVIC_SetPriority
 .text.HAL_NVIC_EnableIRQ
                0x0000000008000aba       0x1c ./Drivers/STM32F4xx_HAL_Driver/Src/stm32f4xx_hal_cortex.o
                0x0000000008000aba                HAL_NVIC_EnableIRQ
 .text.HAL_SYSTICK_Config
                0x0000000008000ad6       0x18 ./Drivers/STM32F4xx_HAL_Driver/Src/stm32f4xx_hal_cortex.o
                0x0000000008000ad6                HAL_SYSTICK_Config
 *fill*         0x0000000008000aee        0x2 
 .text.HAL_GPIO_Init
                0x0000000008000af0      0x338 ./Drivers/STM32F4xx_HAL_Driver/Src/stm32f4xx_hal_gpio.o
                0x0000000008000af0                HAL_GPIO_Init
 .text.HAL_GPIO_WritePin
                0x0000000008000e28       0x32 ./Drivers/STM32F4xx_HAL_Driver/Src/stm32f4xx_hal_gpio.o
                0x0000000008000e28                HAL_GPIO_WritePin
 .text.HAL_PCD_Init
                0x0000000008000e5a      0x23a ./Drivers/STM32F4xx_HAL_Driver/Src/stm32f4xx_hal_pcd.o
                0x0000000008000e5a                HAL_PCD_Init
 .text.HAL_PCD_Start
                0x0000000008001094       0x66 ./Drivers/STM32F4xx_HAL_Driver/Src/stm32f4xx_hal_pcd.o
                0x0000000008001094                HAL_PCD_Start
 .text.HAL_PCD_IRQHandler
                0x00000000080010fa      0x93e ./Drivers/STM32F4xx_HAL_Driver/Src/stm32f4xx_hal_pcd.o
                0x00000000080010fa                HAL_PCD_IRQHandler
 .text.HAL_PCD_SetAddress
                0x0000000008001a38       0x4a ./Drivers/STM32F4xx_HAL_Driver/Src/stm32f4xx_hal_pcd.o
                0x0000000008001a38                HAL_PCD_SetAddress
 .text.HAL_PCD_EP_Open
                0x0000000008001a82       0xd0 ./Drivers/STM32F4xx_HAL_Driver/Src/stm32f4xx_hal_pcd.o
                0x0000000008001a82                HAL_PCD_EP_Open
 .text.HAL_PCD_EP_Close
                0x0000000008001b52       0x94 ./Drivers/STM32F4xx_HAL_Driver/Src/stm32f4xx_hal_pcd.o
                0x0000000008001b52                HAL_PCD_EP_Close
 .text.HAL_PCD_EP_Receive
                0x0000000008001be6       0x96 ./Drivers/STM32F4xx_HAL_Driver/Src/stm32f4xx_hal_pcd.o
                0x0000000008001be6                HAL_PCD_EP_Receive
 .text.HAL_PCD_EP_GetRxCount
                0x0000000008001c7c       0x30 ./Drivers/STM32F4xx_HAL_Driver/Src/stm32f4xx_hal_pcd.o
                0x0000000008001c7c                HAL_PCD_EP_GetRxCount
 .text.HAL_PCD_EP_Transmit
                0x0000000008001cac       0x94 ./Drivers/STM32F4xx_HAL_Driver/Src/stm32f4xx_hal_pcd.o
                0x0000000008001cac                HAL_PCD_EP_Transmit
 .text.HAL_PCD_EP_SetStall
                0x0000000008001d40       0xc8 ./Drivers/STM32F4xx_HAL_Driver/Src/stm32f4xx_hal_pcd.o
                0x0000000008001d40                HAL_PCD_EP_SetStall
 .text.HAL_PCD_EP_ClrStall
                0x0000000008001e08       0xac ./Drivers/STM32F4xx_HAL_Driver/Src/stm32f4xx_hal_pcd.o
                0x0000000008001e08                HAL_PCD_EP_ClrStall
 .text.HAL_PCD_EP_Abort
                0x0000000008001eb4       0x62 ./Drivers/STM32F4xx_HAL_Driver/Src/stm32f4xx_hal_pcd.o
                0x0000000008001eb4                HAL_PCD_EP_Abort
 .text.PCD_WriteEmptyTxFifo
                0x0000000008001f16      0x11a ./Drivers/STM32F4xx_HAL_Driver/Src/stm32f4xx_hal_pcd.o
 .text.PCD_EP_OutXfrComplete_int
                0x0000000008002030      0x1d0 ./Drivers/STM32F4xx_HAL_Driver/Src/stm32f4xx_hal_pcd.o
 .text.PCD_EP_OutSetupPacket_int
                0x0000000008002200       0x8c ./Drivers/STM32F4xx_HAL_Driver/Src/stm32f4xx_hal_pcd.o
 .text.HAL_PCDEx_SetTxFiFo
                0x000000000800228c       0x8e ./Drivers/STM32F4xx_HAL_Driver/Src/stm32f4xx_hal_pcd_ex.o
                0x000000000800228c                HAL_PCDEx_SetTxFiFo
 .text.HAL_PCDEx_SetRxFiFo
                0x000000000800231a       0x22 ./Drivers/STM32F4xx_HAL_Driver/Src/stm32f4xx_hal_pcd_ex.o
                0x000000000800231a                HAL_PCDEx_SetRxFiFo
 .text.HAL_PCDEx_LPM_Callback
                0x000000000800233c       0x18 ./Drivers/STM32F4xx_HAL_Driver/Src/stm32f4xx_hal_pcd_ex.o
                0x000000000800233c                HAL_PCDEx_LPM_Callback
 .text.HAL_RCC_OscConfig
                0x0000000008002354      0x4f0 ./Drivers/STM32F4xx_HAL_Driver/Src/stm32f4xx_hal_rcc.o
                0x0000000008002354                HAL_RCC_OscConfig
 .text.HAL_RCC_ClockConfig
                0x0000000008002844      0x1cc ./Drivers/STM32F4xx_HAL_Driver/Src/stm32f4xx_hal_rcc.o
                0x0000000008002844                HAL_RCC_ClockConfig
 .text.HAL_RCC_GetSysClockFreq
                0x0000000008002a10      0x20c ./Drivers/STM32F4xx_HAL_Driver/Src/stm32f4xx_hal_rcc.o
                0x0000000008002a10                HAL_RCC_GetSysClockFreq
 .text.HAL_RCC_GetHCLKFreq
                0x0000000008002c1c       0x18 ./Drivers/STM32F4xx_HAL_Driver/Src/stm32f4xx_hal_rcc.o
                0x0000000008002c1c                HAL_RCC_GetHCLKFreq
 .text.USB_CoreInit
                0x0000000008002c34       0xc2 ./Drivers/STM32F4xx_HAL_Driver/Src/stm32f4xx_ll_usb.o
                0x0000000008002c34                USB_CoreInit
 *fill*         0x0000000008002cf6        0x2 
 .text.USB_SetTurnaroundTime
                0x0000000008002cf8      0x144 ./Drivers/STM32F4xx_HAL_Driver/Src/stm32f4xx_ll_usb.o
                0x0000000008002cf8                USB_SetTurnaroundTime
 .text.USB_EnableGlobalInt
                0x0000000008002e3c       0x22 ./Drivers/STM32F4xx_HAL_Driver/Src/stm32f4xx_ll_usb.o
                0x0000000008002e3c                USB_EnableGlobalInt
 .text.USB_DisableGlobalInt
                0x0000000008002e5e       0x22 ./Drivers/STM32F4xx_HAL_Driver/Src/stm32f4xx_ll_usb.o
                0x0000000008002e5e                USB_DisableGlobalInt
 .text.USB_SetCurrentMode
                0x0000000008002e80       0x98 ./Drivers/STM32F4xx_HAL_Driver/Src/stm32f4xx_ll_usb.o
                0x0000000008002e80                USB_SetCurrentMode
 .text.USB_DevInit
                0x0000000008002f18      0x2c8 ./Drivers/STM32F4xx_HAL_Driver/Src/stm32f4xx_ll_usb.o
                0x0000000008002f18                USB_DevInit
 .text.USB_FlushTxFifo
                0x00000000080031e0       0x68 ./Drivers/STM32F4xx_HAL_Driver/Src/stm32f4xx_ll_usb.o
                0x00000000080031e0                USB_FlushTxFifo
 .text.USB_FlushRxFifo
                0x0000000008003248       0x60 ./Drivers/STM32F4xx_HAL_Driver/Src/stm32f4xx_ll_usb.o
                0x0000000008003248                USB_FlushRxFifo
 .text.USB_SetDevSpeed
                0x00000000080032a8       0x32 ./Drivers/STM32F4xx_HAL_Driver/Src/stm32f4xx_ll_usb.o
                0x00000000080032a8                USB_SetDevSpeed
 .text.USB_GetDevSpeed
                0x00000000080032da       0x4a ./Drivers/STM32F4xx_HAL_Driver/Src/stm32f4xx_ll_usb.o
                0x00000000080032da                USB_GetDevSpeed
 .text.USB_ActivateEndpoint
                0x0000000008003324      0x10e ./Drivers/STM32F4xx_HAL_Driver/Src/stm32f4xx_ll_usb.o
                0x0000000008003324                USB_ActivateEndpoint
 *fill*         0x0000000008003432        0x2 
 .text.USB_DeactivateEndpoint
                0x0000000008003434      0x1b8 ./Drivers/STM32F4xx_HAL_Driver/Src/stm32f4xx_ll_usb.o
                0x0000000008003434                USB_DeactivateEndpoint
 .text.USB_EPStartXfer
                0x00000000080035ec      0x490 ./Drivers/STM32F4xx_HAL_Driver/Src/stm32f4xx_ll_usb.o
                0x00000000080035ec                USB_EPStartXfer
 .text.USB_EP0StartXfer
                0x0000000008003a7c      0x2b0 ./Drivers/STM32F4xx_HAL_Driver/Src/stm32f4xx_ll_usb.o
                0x0000000008003a7c                USB_EP0StartXfer
 .text.USB_EPStopXfer
                0x0000000008003d2c      0x154 ./Drivers/STM32F4xx_HAL_Driver/Src/stm32f4xx_ll_usb.o
                0x0000000008003d2c                USB_EPStopXfer
 .text.USB_WritePacket
                0x0000000008003e80       0x7c ./Drivers/STM32F4xx_HAL_Driver/Src/stm32f4xx_ll_usb.o
                0x0000000008003e80                USB_WritePacket
 .text.USB_ReadPacket
                0x0000000008003efc       0xb0 ./Drivers/STM32F4xx_HAL_Driver/Src/stm32f4xx_ll_usb.o
                0x0000000008003efc                USB_ReadPacket
 .text.USB_EPSetStall
                0x0000000008003fac       0xdc ./Drivers/STM32F4xx_HAL_Driver/Src/stm32f4xx_ll_usb.o
                0x0000000008003fac                USB_EPSetStall
 .text.USB_EPClearStall
                0x0000000008004088       0xcc ./Drivers/STM32F4xx_HAL_Driver/Src/stm32f4xx_ll_usb.o
                0x0000000008004088                USB_EPClearStall
 .text.USB_SetDevAddress
                0x0000000008004154       0x4c ./Drivers/STM32F4xx_HAL_Driver/Src/stm32f4xx_ll_usb.o
                0x0000000008004154                USB_SetDevAddress
 .text.USB_DevConnect
                0x00000000080041a0       0x42 ./Drivers/STM32F4xx_HAL_Driver/Src/stm32f4xx_ll_usb.o
                0x00000000080041a0                USB_DevConnect
 .text.USB_DevDisconnect
                0x00000000080041e2       0x42 ./Drivers/STM32F4xx_HAL_Driver/Src/stm32f4xx_ll_usb.o
                0x00000000080041e2                USB_DevDisconnect
 .text.USB_ReadInterrupts
                0x0000000008004224       0x26 ./Drivers/STM32F4xx_HAL_Driver/Src/stm32f4xx_ll_usb.o
                0x0000000008004224                USB_ReadInterrupts
 .text.USB_ReadDevAllOutEpInterrupt
                0x000000000800424a       0x34 ./Drivers/STM32F4xx_HAL_Driver/Src/stm32f4xx_ll_usb.o
                0x000000000800424a                USB_ReadDevAllOutEpInterrupt
 .text.USB_ReadDevAllInEpInterrupt
                0x000000000800427e       0x34 ./Drivers/STM32F4xx_HAL_Driver/Src/stm32f4xx_ll_usb.o
                0x000000000800427e                USB_ReadDevAllInEpInterrupt
 .text.USB_ReadDevOutEPInterrupt
                0x00000000080042b2       0x3c ./Drivers/STM32F4xx_HAL_Driver/Src/stm32f4xx_ll_usb.o
                0x00000000080042b2                USB_ReadDevOutEPInterrupt
 .text.USB_ReadDevInEPInterrupt
                0x00000000080042ee       0x5c ./Drivers/STM32F4xx_HAL_Driver/Src/stm32f4xx_ll_usb.o
                0x00000000080042ee                USB_ReadDevInEPInterrupt
 .text.USB_GetMode
                0x000000000800434a       0x1c ./Drivers/STM32F4xx_HAL_Driver/Src/stm32f4xx_ll_usb.o
                0x000000000800434a                USB_GetMode
 .text.USB_ActivateSetup
                0x0000000008004366       0x46 ./Drivers/STM32F4xx_HAL_Driver/Src/stm32f4xx_ll_usb.o
                0x0000000008004366                USB_ActivateSetup
 .text.USB_EP0_OutStart
                0x00000000080043ac       0xbc ./Drivers/STM32F4xx_HAL_Driver/Src/stm32f4xx_ll_usb.o
                0x00000000080043ac                USB_EP0_OutStart
 .text.USB_CoreReset
                0x0000000008004468       0x68 ./Drivers/STM32F4xx_HAL_Driver/Src/stm32f4xx_ll_usb.o
 .text.FMSTR_CopyToBuffer
                0x00000000080044d0       0x40 ./Freemaster/freemaster_Kxx.o
                0x00000000080044d0                FMSTR_CopyToBuffer
 .text.FMSTR_CopyFromBuffer
                0x0000000008004510       0x40 ./Freemaster/freemaster_Kxx.o
                0x0000000008004510                FMSTR_CopyFromBuffer
 .text.FMSTR_ValueFromBuffer16
                0x0000000008004550       0x1e ./Freemaster/freemaster_Kxx.o
                0x0000000008004550                FMSTR_ValueFromBuffer16
 .text.FMSTR_ValueFromBuffer32
                0x000000000800456e       0x1e ./Freemaster/freemaster_Kxx.o
                0x000000000800456e                FMSTR_ValueFromBuffer32
 .text.FMSTR_ValueToBuffer16
                0x000000000800458c       0x22 ./Freemaster/freemaster_Kxx.o
                0x000000000800458c                FMSTR_ValueToBuffer16
 .text.FMSTR_CopyFromBufferWithMask
                0x00000000080045ae       0x7c ./Freemaster/freemaster_Kxx.o
                0x00000000080045ae                FMSTR_CopyFromBufferWithMask
 *fill*         0x000000000800462a        0x2 
 .text.FMSTR_SetExAddr
                0x000000000800462c       0x20 ./Freemaster/freemaster_Kxx.o
                0x000000000800462c                FMSTR_SetExAddr
 .text.FMSTR_AddressToBuffer
                0x000000000800464c       0x40 ./Freemaster/freemaster_Kxx.o
                0x000000000800464c                FMSTR_AddressToBuffer
 .text.FMSTR_AddressFromBuffer
                0x000000000800468c       0x3c ./Freemaster/freemaster_Kxx.o
                0x000000000800468c                FMSTR_AddressFromBuffer
 .text.FMSTR_InitAppCmds
                0x00000000080046c8       0x60 ./Freemaster/freemaster_appcmd.o
                0x00000000080046c8                FMSTR_InitAppCmds
 .text.FMSTR_StoreAppCmd
                0x0000000008004728       0xb0 ./Freemaster/freemaster_appcmd.o
                0x0000000008004728                FMSTR_StoreAppCmd
 .text.FMSTR_GetAppCmdStatus
                0x00000000080047d8       0x84 ./Freemaster/freemaster_appcmd.o
                0x00000000080047d8                FMSTR_GetAppCmdStatus
 .text.FMSTR_GetAppCmdRespData
                0x000000000800485c       0xa0 ./Freemaster/freemaster_appcmd.o
                0x000000000800485c                FMSTR_GetAppCmdRespData
 .text.FMSTR_FindAppCmdCallIndex
                0x00000000080048fc       0x4c ./Freemaster/freemaster_appcmd.o
 .text.FMSTR_Init
                0x0000000008004948       0x24 ./Freemaster/freemaster_protocol.o
                0x0000000008004948                FMSTR_Init
 .text.FMSTR_ProtocolDecoder
                0x000000000800496c      0x1b0 ./Freemaster/freemaster_protocol.o
                0x000000000800496c                FMSTR_ProtocolDecoder
 .text.FMSTR_GetBoardInfo
                0x0000000008004b1c       0xc0 ./Freemaster/freemaster_protocol.o
                0x0000000008004b1c                FMSTR_GetBoardInfo
 .text.FMSTR_ReadMem
                0x0000000008004bdc       0x60 ./Freemaster/freemaster_protocol.o
                0x0000000008004bdc                FMSTR_ReadMem
 .text.FMSTR_WriteMem
                0x0000000008004c3c       0x4e ./Freemaster/freemaster_protocol.o
                0x0000000008004c3c                FMSTR_WriteMem
 .text.FMSTR_WriteMemMask
                0x0000000008004c8a       0x4e ./Freemaster/freemaster_protocol.o
                0x0000000008004c8a                FMSTR_WriteMemMask
 .text.FMSTR_InitRec
                0x0000000008004cd8       0x28 ./Freemaster/freemaster_rec.o
                0x0000000008004cd8                FMSTR_InitRec
 .text.FMSTR_AbortRec
                0x0000000008004d00       0x18 ./Freemaster/freemaster_rec.o
 .text.FMSTR_SetUpRec
                0x0000000008004d18      0x218 ./Freemaster/freemaster_rec.o
                0x0000000008004d18                FMSTR_SetUpRec
 .text.FMSTR_TriggerRec
                0x0000000008004f30       0x3c ./Freemaster/freemaster_rec.o
                0x0000000008004f30                FMSTR_TriggerRec
 .text.FMSTR_StartRec
                0x0000000008004f6c       0x9c ./Freemaster/freemaster_rec.o
                0x0000000008004f6c                FMSTR_StartRec
 .text.FMSTR_StopRec
                0x0000000008005008       0x50 ./Freemaster/freemaster_rec.o
                0x0000000008005008                FMSTR_StopRec
 .text.FMSTR_GetRecStatus
                0x0000000008005058       0x4c ./Freemaster/freemaster_rec.o
                0x0000000008005058                FMSTR_GetRecStatus
 .text.FMSTR_GetRecBuffSize
                0x00000000080050a4       0x12 ./Freemaster/freemaster_rec.o
                0x00000000080050a4                FMSTR_GetRecBuffSize
 *fill*         0x00000000080050b6        0x2 
 .text.FMSTR_GetRecBuff
                0x00000000080050b8       0x80 ./Freemaster/freemaster_rec.o
                0x00000000080050b8                FMSTR_GetRecBuff
 .text.FMSTR_Compare8S
                0x0000000008005138       0x30 ./Freemaster/freemaster_rec.o
 .text.FMSTR_Compare8U
                0x0000000008005168       0x2c ./Freemaster/freemaster_rec.o
 .text.FMSTR_Compare16S
                0x0000000008005194       0x30 ./Freemaster/freemaster_rec.o
 .text.FMSTR_Compare16U
                0x00000000080051c4       0x2c ./Freemaster/freemaster_rec.o
 .text.FMSTR_Compare32S
                0x00000000080051f0       0x2c ./Freemaster/freemaster_rec.o
 .text.FMSTR_Compare32U
                0x000000000800521c       0x2c ./Freemaster/freemaster_rec.o
 .text.FMSTR_InitScope
                0x0000000008005248        0xe ./Freemaster/freemaster_scope.o
                0x0000000008005248                FMSTR_InitScope
 *fill*         0x0000000008005256        0x2 
 .text.FMSTR_SetUpScope
                0x0000000008005258       0xb4 ./Freemaster/freemaster_scope.o
                0x0000000008005258                FMSTR_SetUpScope
 .text.FMSTR_ReadScope
                0x000000000800530c       0x6c ./Freemaster/freemaster_scope.o
                0x000000000800530c                FMSTR_ReadScope
 .text.FMSTR_RxDequeue
                0x0000000008005378       0x6c ./Freemaster/freemaster_serial.o
 .text.FMSTR_Listen
                0x00000000080053e4       0x74 ./Freemaster/freemaster_serial.o
 .text.FMSTR_SendError
                0x0000000008005458       0x24 ./Freemaster/freemaster_serial.o
 .text.FMSTR_SendResponse
                0x000000000800547c       0xf8 ./Freemaster/freemaster_serial.o
                0x000000000800547c                FMSTR_SendResponse
 .text.FMSTR_Rx
                0x0000000008005574      0x170 ./Freemaster/freemaster_serial.o
                0x0000000008005574                FMSTR_Rx
 .text.FMSTR_InitSerial
                0x00000000080056e4       0x50 ./Freemaster/freemaster_serial.o
                0x00000000080056e4                FMSTR_InitSerial
 .text.FMSTR_Poll
                0x0000000008005734        0xc ./Freemaster/freemaster_serial.o
                0x0000000008005734                FMSTR_Poll
 .text.USBD_CDC_Init
                0x0000000008005740      0x1f0 ./Middlewares/ST/STM32_USB_Device_Library/Class/CDC/Src/usbd_cdc.o
 .text.USBD_CDC_DeInit
                0x0000000008005930      0x104 ./Middlewares/ST/STM32_USB_Device_Library/Class/CDC/Src/usbd_cdc.o
 .text.USBD_CDC_Setup
                0x0000000008005a34      0x1b8 ./Middlewares/ST/STM32_USB_Device_Library/Class/CDC/Src/usbd_cdc.o
 .text.USBD_CDC_DataIn
                0x0000000008005bec       0xfe ./Middlewares/ST/STM32_USB_Device_Library/Class/CDC/Src/usbd_cdc.o
 .text.USBD_CDC_DataOut
                0x0000000008005cea       0x70 ./Middlewares/ST/STM32_USB_Device_Library/Class/CDC/Src/usbd_cdc.o
 .text.USBD_CDC_EP0_RxReady
                0x0000000008005d5a       0x76 ./Middlewares/ST/STM32_USB_Device_Library/Class/CDC/Src/usbd_cdc.o
 .text.USBD_CDC_GetFSCfgDesc
                0x0000000008005dd0       0x70 ./Middlewares/ST/STM32_USB_Device_Library/Class/CDC/Src/usbd_cdc.o
 .text.USBD_CDC_GetHSCfgDesc
                0x0000000008005e40       0x70 ./Middlewares/ST/STM32_USB_Device_Library/Class/CDC/Src/usbd_cdc.o
 .text.USBD_CDC_GetOtherSpeedCfgDesc
                0x0000000008005eb0       0x70 ./Middlewares/ST/STM32_USB_Device_Library/Class/CDC/Src/usbd_cdc.o
 .text.USBD_CDC_GetDeviceQualifierDescriptor
                0x0000000008005f20       0x20 ./Middlewares/ST/STM32_USB_Device_Library/Class/CDC/Src/usbd_cdc.o
                0x0000000008005f20                USBD_CDC_GetDeviceQualifierDescriptor
 .text.USBD_CDC_RegisterInterface
                0x0000000008005f40       0x34 ./Middlewares/ST/STM32_USB_Device_Library/Class/CDC/Src/usbd_cdc.o
                0x0000000008005f40                USBD_CDC_RegisterInterface
 .text.USBD_CDC_SetTxBuffer
                0x0000000008005f74       0x44 ./Middlewares/ST/STM32_USB_Device_Library/Class/CDC/Src/usbd_cdc.o
                0x0000000008005f74                USBD_CDC_SetTxBuffer
 .text.USBD_CDC_SetRxBuffer
                0x0000000008005fb8       0x3a ./Middlewares/ST/STM32_USB_Device_Library/Class/CDC/Src/usbd_cdc.o
                0x0000000008005fb8                USBD_CDC_SetRxBuffer
 *fill*         0x0000000008005ff2        0x2 
 .text.USBD_CDC_ReceivePacket
                0x0000000008005ff4       0x6c ./Middlewares/ST/STM32_USB_Device_Library/Class/CDC/Src/usbd_cdc.o
                0x0000000008005ff4                USBD_CDC_ReceivePacket
 .text.USBD_Init
                0x0000000008006060       0x60 ./Middlewares/ST/STM32_USB_Device_Library/Core/Src/usbd_core.o
                0x0000000008006060                USBD_Init
 .text.USBD_RegisterClass
                0x00000000080060c0       0x6c ./Middlewares/ST/STM32_USB_Device_Library/Core/Src/usbd_core.o
                0x00000000080060c0                USBD_RegisterClass
 .text.USBD_Start
                0x000000000800612c       0x18 ./Middlewares/ST/STM32_USB_Device_Library/Core/Src/usbd_core.o
                0x000000000800612c                USBD_Start
 .text.USBD_RunTestMode
                0x0000000008006144       0x16 ./Middlewares/ST/STM32_USB_Device_Library/Core/Src/usbd_core.o
                0x0000000008006144                USBD_RunTestMode
 .text.USBD_SetClassConfig
                0x000000000800615a       0x38 ./Middlewares/ST/STM32_USB_Device_Library/Core/Src/usbd_core.o
                0x000000000800615a                USBD_SetClassConfig
 .text.USBD_ClrClassConfig
                0x0000000008006192       0x34 ./Middlewares/ST/STM32_USB_Device_Library/Core/Src/usbd_core.o
                0x0000000008006192                USBD_ClrClassConfig
 .text.USBD_LL_SetupStage
                0x00000000080061c6       0xaa ./Middlewares/ST/STM32_USB_Device_Library/Core/Src/usbd_core.o
                0x00000000080061c6                USBD_LL_SetupStage
 .text.USBD_LL_DataOutStage
                0x0000000008006270      0x166 ./Middlewares/ST/STM32_USB_Device_Library/Core/Src/usbd_core.o
                0x0000000008006270                USBD_LL_DataOutStage
 .text.USBD_LL_DataInStage
                0x00000000080063d6      0x164 ./Middlewares/ST/STM32_USB_Device_Library/Core/Src/usbd_core.o
                0x00000000080063d6                USBD_LL_DataInStage
 .text.USBD_LL_Reset
                0x000000000800653a       0xa4 ./Middlewares/ST/STM32_USB_Device_Library/Core/Src/usbd_core.o
                0x000000000800653a                USBD_LL_Reset
 .text.USBD_LL_SetSpeed
                0x00000000080065de       0x20 ./Middlewares/ST/STM32_USB_Device_Library/Core/Src/usbd_core.o
                0x00000000080065de                USBD_LL_SetSpeed
 .text.USBD_LL_Suspend
                0x00000000080065fe       0x2c ./Middlewares/ST/STM32_USB_Device_Library/Core/Src/usbd_core.o
                0x00000000080065fe                USBD_LL_Suspend
 .text.USBD_LL_Resume
                0x000000000800662a       0x30 ./Middlewares/ST/STM32_USB_Device_Library/Core/Src/usbd_core.o
                0x000000000800662a                USBD_LL_Resume
 .text.USBD_LL_SOF
                0x000000000800665a       0x40 ./Middlewares/ST/STM32_USB_Device_Library/Core/Src/usbd_core.o
                0x000000000800665a                USBD_LL_SOF
 .text.USBD_LL_IsoINIncomplete
                0x000000000800669a       0x64 ./Middlewares/ST/STM32_USB_Device_Library/Core/Src/usbd_core.o
                0x000000000800669a                USBD_LL_IsoINIncomplete
 .text.USBD_LL_IsoOUTIncomplete
                0x00000000080066fe       0x64 ./Middlewares/ST/STM32_USB_Device_Library/Core/Src/usbd_core.o
                0x00000000080066fe                USBD_LL_IsoOUTIncomplete
 .text.USBD_LL_DevConnected
                0x0000000008006762       0x16 ./Middlewares/ST/STM32_USB_Device_Library/Core/Src/usbd_core.o
                0x0000000008006762                USBD_LL_DevConnected
 .text.USBD_LL_DevDisconnected
                0x0000000008006778       0x46 ./Middlewares/ST/STM32_USB_Device_Library/Core/Src/usbd_core.o
                0x0000000008006778                USBD_LL_DevDisconnected
 .text.USBD_CoreFindIF
                0x00000000080067be       0x1a ./Middlewares/ST/STM32_USB_Device_Library/Core/Src/usbd_core.o
                0x00000000080067be                USBD_CoreFindIF
 .text.USBD_CoreFindEP
                0x00000000080067d8       0x1a ./Middlewares/ST/STM32_USB_Device_Library/Core/Src/usbd_core.o
                0x00000000080067d8                USBD_CoreFindEP
 .text.USBD_GetEpDesc
                0x00000000080067f2       0x74 ./Middlewares/ST/STM32_USB_Device_Library/Core/Src/usbd_core.o
                0x00000000080067f2                USBD_GetEpDesc
 .text.USBD_GetNextDesc
                0x0000000008006866       0x3a ./Middlewares/ST/STM32_USB_Device_Library/Core/Src/usbd_core.o
                0x0000000008006866                USBD_GetNextDesc
 .text.SWAPBYTE
                0x00000000080068a0       0x3c ./Middlewares/ST/STM32_USB_Device_Library/Core/Src/usbd_ctlreq.o
 .text.USBD_StdDevReq
                0x00000000080068dc       0xe4 ./Middlewares/ST/STM32_USB_Device_Library/Core/Src/usbd_ctlreq.o
                0x00000000080068dc                USBD_StdDevReq
 .text.USBD_StdItfReq
                0x00000000080069c0       0xd8 ./Middlewares/ST/STM32_USB_Device_Library/Core/Src/usbd_ctlreq.o
                0x00000000080069c0                USBD_StdItfReq
 .text.USBD_StdEPReq
                0x0000000008006a98      0x33a ./Middlewares/ST/STM32_USB_Device_Library/Core/Src/usbd_ctlreq.o
                0x0000000008006a98                USBD_StdEPReq
 *fill*         0x0000000008006dd2        0x2 
 .text.USBD_GetDescriptor
                0x0000000008006dd4      0x2d4 ./Middlewares/ST/STM32_USB_Device_Library/Core/Src/usbd_ctlreq.o
 .text.USBD_SetAddress
                0x00000000080070a8       0x88 ./Middlewares/ST/STM32_USB_Device_Library/Core/Src/usbd_ctlreq.o
 .text.USBD_SetConfig
                0x0000000008007130      0x154 ./Middlewares/ST/STM32_USB_Device_Library/Core/Src/usbd_ctlreq.o
 .text.USBD_GetConfig
                0x0000000008007284       0x6c ./Middlewares/ST/STM32_USB_Device_Library/Core/Src/usbd_ctlreq.o
 .text.USBD_GetStatus
                0x00000000080072f0       0x68 ./Middlewares/ST/STM32_USB_Device_Library/Core/Src/usbd_ctlreq.o
 .text.USBD_SetFeature
                0x0000000008007358       0x52 ./Middlewares/ST/STM32_USB_Device_Library/Core/Src/usbd_ctlreq.o
 .text.USBD_ClrFeature
                0x00000000080073aa       0x44 ./Middlewares/ST/STM32_USB_Device_Library/Core/Src/usbd_ctlreq.o
 .text.USBD_ParseSetupRequest
                0x00000000080073ee       0x74 ./Middlewares/ST/STM32_USB_Device_Library/Core/Src/usbd_ctlreq.o
                0x00000000080073ee                USBD_ParseSetupRequest
 .text.USBD_CtlError
                0x0000000008007462       0x22 ./Middlewares/ST/STM32_USB_Device_Library/Core/Src/usbd_ctlreq.o
                0x0000000008007462                USBD_CtlError
 .text.USBD_GetString
                0x0000000008007484       0x8c ./Middlewares/ST/STM32_USB_Device_Library/Core/Src/usbd_ctlreq.o
                0x0000000008007484                USBD_GetString
 .text.USBD_GetLen
                0x0000000008007510       0x34 ./Middlewares/ST/STM32_USB_Device_Library/Core/Src/usbd_ctlreq.o
 .text.USBD_CtlSendData
                0x0000000008007544       0x36 ./Middlewares/ST/STM32_USB_Device_Library/Core/Src/usbd_ioreq.o
                0x0000000008007544                USBD_CtlSendData
 .text.USBD_CtlContinueSendData
                0x000000000800757a       0x22 ./Middlewares/ST/STM32_USB_Device_Library/Core/Src/usbd_ioreq.o
                0x000000000800757a                USBD_CtlContinueSendData
 .text.USBD_CtlPrepareRx
                0x000000000800759c       0x3a ./Middlewares/ST/STM32_USB_Device_Library/Core/Src/usbd_ioreq.o
                0x000000000800759c                USBD_CtlPrepareRx
 .text.USBD_CtlContinueRx
                0x00000000080075d6       0x22 ./Middlewares/ST/STM32_USB_Device_Library/Core/Src/usbd_ioreq.o
                0x00000000080075d6                USBD_CtlContinueRx
 .text.USBD_CtlSendStatus
                0x00000000080075f8       0x26 ./Middlewares/ST/STM32_USB_Device_Library/Core/Src/usbd_ioreq.o
                0x00000000080075f8                USBD_CtlSendStatus
 .text.USBD_CtlReceiveStatus
                0x000000000800761e       0x26 ./Middlewares/ST/STM32_USB_Device_Library/Core/Src/usbd_ioreq.o
                0x000000000800761e                USBD_CtlReceiveStatus
 .text.MX_USB_DEVICE_Init
                0x0000000008007644       0x60 ./USB_DEVICE/App/usb_device.o
                0x0000000008007644                MX_USB_DEVICE_Init
 .text.CDC_Init_FS
                0x00000000080076a4       0x28 ./USB_DEVICE/App/usbd_cdc_if.o
 .text.CDC_DeInit_FS
                0x00000000080076cc       0x10 ./USB_DEVICE/App/usbd_cdc_if.o
 .text.CDC_Control_FS
                0x00000000080076dc       0xbc ./USB_DEVICE/App/usbd_cdc_if.o
 .text.CDC_Receive_FS
                0x0000000008007798       0x28 ./USB_DEVICE/App/usbd_cdc_if.o
 .text.CDC_TransmitCplt_FS
                0x00000000080077c0       0x22 ./USB_DEVICE/App/usbd_cdc_if.o
 *fill*         0x00000000080077e2        0x2 
 .text.USBD_FS_DeviceDescriptor
                0x00000000080077e4       0x24 ./USB_DEVICE/App/usbd_desc.o
                0x00000000080077e4                USBD_FS_DeviceDescriptor
 .text.USBD_FS_LangIDStrDescriptor
                0x0000000008007808       0x24 ./USB_DEVICE/App/usbd_desc.o
                0x0000000008007808                USBD_FS_LangIDStrDescriptor
 .text.USBD_FS_ProductStrDescriptor
                0x000000000800782c       0x3c ./USB_DEVICE/App/usbd_desc.o
                0x000000000800782c                USBD_FS_ProductStrDescriptor
 .text.USBD_FS_ManufacturerStrDescriptor
                0x0000000008007868       0x28 ./USB_DEVICE/App/usbd_desc.o
                0x0000000008007868                USBD_FS_ManufacturerStrDescriptor
 .text.USBD_FS_SerialStrDescriptor
                0x0000000008007890       0x24 ./USB_DEVICE/App/usbd_desc.o
                0x0000000008007890                USBD_FS_SerialStrDescriptor
 .text.USBD_FS_ConfigStrDescriptor
                0x00000000080078b4       0x3c ./USB_DEVICE/App/usbd_desc.o
                0x00000000080078b4                USBD_FS_ConfigStrDescriptor
 .text.USBD_FS_InterfaceStrDescriptor
                0x00000000080078f0       0x3c ./USB_DEVICE/App/usbd_desc.o
                0x00000000080078f0                USBD_FS_InterfaceStrDescriptor
 .text.Get_SerialNum
                0x000000000800792c       0x58 ./USB_DEVICE/App/usbd_desc.o
 .text.IntToUnicode
                0x0000000008007984       0x7e ./USB_DEVICE/App/usbd_desc.o
 *fill*         0x0000000008007a02        0x2 
 .text.HAL_PCD_MspInit
                0x0000000008007a04       0xa8 ./USB_DEVICE/Target/usbd_conf.o
                0x0000000008007a04                HAL_PCD_MspInit
 .text.HAL_PCD_SetupStageCallback
                0x0000000008007aac       0x24 ./USB_DEVICE/Target/usbd_conf.o
                0x0000000008007aac                HAL_PCD_SetupStageCallback
 .text.HAL_PCD_DataOutStageCallback
                0x0000000008007ad0       0x36 ./USB_DEVICE/Target/usbd_conf.o
                0x0000000008007ad0                HAL_PCD_DataOutStageCallback
 .text.HAL_PCD_DataInStageCallback
                0x0000000008007b06       0x34 ./USB_DEVICE/Target/usbd_conf.o
                0x0000000008007b06                HAL_PCD_DataInStageCallback
 .text.HAL_PCD_SOFCallback
                0x0000000008007b3a       0x1c ./USB_DEVICE/Target/usbd_conf.o
                0x0000000008007b3a                HAL_PCD_SOFCallback
 .text.HAL_PCD_ResetCallback
                0x0000000008007b56       0x50 ./USB_DEVICE/Target/usbd_conf.o
                0x0000000008007b56                HAL_PCD_ResetCallback
 *fill*         0x0000000008007ba6        0x2 
 .text.HAL_PCD_SuspendCallback
                0x0000000008007ba8       0x4c ./USB_DEVICE/Target/usbd_conf.o
                0x0000000008007ba8                HAL_PCD_SuspendCallback
 .text.HAL_PCD_ResumeCallback
                0x0000000008007bf4       0x1c ./USB_DEVICE/Target/usbd_conf.o
                0x0000000008007bf4                HAL_PCD_ResumeCallback
 .text.HAL_PCD_ISOOUTIncompleteCallback
                0x0000000008007c10       0x24 ./USB_DEVICE/Target/usbd_conf.o
                0x0000000008007c10                HAL_PCD_ISOOUTIncompleteCallback
 .text.HAL_PCD_ISOINIncompleteCallback
                0x0000000008007c34       0x24 ./USB_DEVICE/Target/usbd_conf.o
                0x0000000008007c34                HAL_PCD_ISOINIncompleteCallback
 .text.HAL_PCD_ConnectCallback
                0x0000000008007c58       0x1c ./USB_DEVICE/Target/usbd_conf.o
                0x0000000008007c58                HAL_PCD_ConnectCallback
 .text.HAL_PCD_DisconnectCallback
                0x0000000008007c74       0x1c ./USB_DEVICE/Target/usbd_conf.o
                0x0000000008007c74                HAL_PCD_DisconnectCallback
 .text.USBD_LL_Init
                0x0000000008007c90       0x98 ./USB_DEVICE/Target/usbd_conf.o
                0x0000000008007c90                USBD_LL_Init
 .text.USBD_LL_Start
                0x0000000008007d28       0x36 ./USB_DEVICE/Target/usbd_conf.o
                0x0000000008007d28                USBD_LL_Start
 .text.USBD_LL_OpenEP
                0x0000000008007d5e       0x4c ./USB_DEVICE/Target/usbd_conf.o
                0x0000000008007d5e                USBD_LL_OpenEP
 .text.USBD_LL_CloseEP
                0x0000000008007daa       0x3e ./USB_DEVICE/Target/usbd_conf.o
                0x0000000008007daa                USBD_LL_CloseEP
 .text.USBD_LL_StallEP
                0x0000000008007de8       0x3e ./USB_DEVICE/Target/usbd_conf.o
                0x0000000008007de8                USBD_LL_StallEP
 .text.USBD_LL_ClearStallEP
                0x0000000008007e26       0x3e ./USB_DEVICE/Target/usbd_conf.o
                0x0000000008007e26                USBD_LL_ClearStallEP
 .text.USBD_LL_IsStallEP
                0x0000000008007e64       0x58 ./USB_DEVICE/Target/usbd_conf.o
                0x0000000008007e64                USBD_LL_IsStallEP
 .text.USBD_LL_SetUSBAddress
                0x0000000008007ebc       0x3e ./USB_DEVICE/Target/usbd_conf.o
                0x0000000008007ebc                USBD_LL_SetUSBAddress
 .text.USBD_LL_Transmit
                0x0000000008007efa       0x42 ./USB_DEVICE/Target/usbd_conf.o
                0x0000000008007efa                USBD_LL_Transmit
 .text.USBD_LL_PrepareReceive
                0x0000000008007f3c       0x42 ./USB_DEVICE/Target/usbd_conf.o
                0x0000000008007f3c                USBD_LL_PrepareReceive
 .text.USBD_LL_GetRxDataSize
                0x0000000008007f7e       0x26 ./USB_DEVICE/Target/usbd_conf.o
                0x0000000008007f7e                USBD_LL_GetRxDataSize
 .text.USBD_static_malloc
                0x0000000008007fa4       0x1c ./USB_DEVICE/Target/usbd_conf.o
                0x0000000008007fa4                USBD_static_malloc
 .text.USBD_static_free
                0x0000000008007fc0       0x14 ./USB_DEVICE/Target/usbd_conf.o
                0x0000000008007fc0                USBD_static_free
 .text.USBD_Get_USB_Status
                0x0000000008007fd4       0x58 ./USB_DEVICE/Target/usbd_conf.o
                0x0000000008007fd4                USBD_Get_USB_Status
 .text.__libc_init_array
                0x000000000800802c       0x48 c:/st/stm32cubeide_1.12.0/stm32cubeide/plugins/com.st.stm32cube.ide.mcu.externaltools.gnu-tools-for-stm32.10.3-2021.10.win32_1.0.200.202301161003/tools/bin/../lib/gcc/arm-none-eabi/10.3.1/../../../../arm-none-eabi/lib/thumb/v7e-m+fp/hard\libc_nano.a(lib_a-init.o)
                0x000000000800802c                __libc_init_array
 .text.memset   0x0000000008008074       0x10 c:/st/stm32cubeide_1.12.0/stm32cubeide/plugins/com.st.stm32cube.ide.mcu.externaltools.gnu-tools-for-stm32.10.3-2021.10.win32_1.0.200.202301161003/tools/bin/../lib/gcc/arm-none-eabi/10.3.1/../../../../arm-none-eabi/lib/thumb/v7e-m+fp/hard\libc_nano.a(lib_a-memset.o)
                0x0000000008008074                memset
 *(.glue_7)
 .glue_7        0x0000000008008084        0x0 linker stubs
 *(.glue_7t)
 .glue_7t       0x0000000008008084        0x0 linker stubs
 *(.eh_frame)
 .eh_frame      0x0000000008008084        0x0 c:/st/stm32cubeide_1.12.0/stm32cubeide/plugins/com.st.stm32cube.ide.mcu.externaltools.gnu-tools-for-stm32.10.3-2021.10.win32_1.0.200.202301161003/tools/bin/../lib/gcc/arm-none-eabi/10.3.1/thumb/v7e-m+fp/hard/crtbegin.o
 *(.init)
 .init          0x0000000008008084        0x4 c:/st/stm32cubeide_1.12.0/stm32cubeide/plugins/com.st.stm32cube.ide.mcu.externaltools.gnu-tools-for-stm32.10.3-2021.10.win32_1.0.200.202301161003/tools/bin/../lib/gcc/arm-none-eabi/10.3.1/thumb/v7e-m+fp/hard/crti.o
                0x0000000008008084                _init
 .init          0x0000000008008088        0x8 c:/st/stm32cubeide_1.12.0/stm32cubeide/plugins/com.st.stm32cube.ide.mcu.externaltools.gnu-tools-for-stm32.10.3-2021.10.win32_1.0.200.202301161003/tools/bin/../lib/gcc/arm-none-eabi/10.3.1/thumb/v7e-m+fp/hard/crtn.o
 *(.fini)
 .fini          0x0000000008008090        0x4 c:/st/stm32cubeide_1.12.0/stm32cubeide/plugins/com.st.stm32cube.ide.mcu.externaltools.gnu-tools-for-stm32.10.3-2021.10.win32_1.0.200.202301161003/tools/bin/../lib/gcc/arm-none-eabi/10.3.1/thumb/v7e-m+fp/hard/crti.o
                0x0000000008008090                _fini
 .fini          0x0000000008008094        0x8 c:/st/stm32cubeide_1.12.0/stm32cubeide/plugins/com.st.stm32cube.ide.mcu.externaltools.gnu-tools-for-stm32.10.3-2021.10.win32_1.0.200.202301161003/tools/bin/../lib/gcc/arm-none-eabi/10.3.1/thumb/v7e-m+fp/hard/crtn.o
                0x000000000800809c                . = ALIGN (0x4)
                0x000000000800809c                _etext = .

.vfp11_veneer   0x000000000800809c        0x0
 .vfp11_veneer  0x000000000800809c        0x0 linker stubs

.v4_bx          0x000000000800809c        0x0
 .v4_bx         0x000000000800809c        0x0 linker stubs

.iplt           0x000000000800809c        0x0
 .iplt          0x000000000800809c        0x0 c:/st/stm32cubeide_1.12.0/stm32cubeide/plugins/com.st.stm32cube.ide.mcu.externaltools.gnu-tools-for-stm32.10.3-2021.10.win32_1.0.200.202301161003/tools/bin/../lib/gcc/arm-none-eabi/10.3.1/thumb/v7e-m+fp/hard/crtbegin.o

.rodata         0x000000000800809c       0x68
                0x000000000800809c                . = ALIGN (0x4)
 *(.rodata)
 .rodata        0x000000000800809c        0xf ./Freemaster/freemaster_protocol.o
 *fill*         0x00000000080080ab        0x1 
 .rodata        0x00000000080080ac       0x46 ./USB_DEVICE/App/usbd_desc.o
 *(.rodata*)
 *fill*         0x00000000080080f2        0x2 
 .rodata.AHBPrescTable
                0x00000000080080f4       0x10 ./Core/Src/system_stm32f4xx.o
                0x00000000080080f4                AHBPrescTable
                0x0000000008008104                . = ALIGN (0x4)

.ARM.extab      0x0000000008008104        0x0
                0x0000000008008104                . = ALIGN (0x4)
 *(.ARM.extab* .gnu.linkonce.armextab.*)
                0x0000000008008104                . = ALIGN (0x4)

.ARM            0x0000000008008104        0x8
                0x0000000008008104                . = ALIGN (0x4)
                0x0000000008008104                __exidx_start = .
 *(.ARM.exidx*)
 .ARM.exidx     0x0000000008008104        0x8 c:/st/stm32cubeide_1.12.0/stm32cubeide/plugins/com.st.stm32cube.ide.mcu.externaltools.gnu-tools-for-stm32.10.3-2021.10.win32_1.0.200.202301161003/tools/bin/../lib/gcc/arm-none-eabi/10.3.1/thumb/v7e-m+fp/hard\libgcc.a(_udivmoddi4.o)
                0x000000000800810c                __exidx_end = .
                0x000000000800810c                . = ALIGN (0x4)

.rel.dyn        0x000000000800810c        0x0
 .rel.iplt      0x000000000800810c        0x0 c:/st/stm32cubeide_1.12.0/stm32cubeide/plugins/com.st.stm32cube.ide.mcu.externaltools.gnu-tools-for-stm32.10.3-2021.10.win32_1.0.200.202301161003/tools/bin/../lib/gcc/arm-none-eabi/10.3.1/thumb/v7e-m+fp/hard/crtbegin.o

.preinit_array  0x000000000800810c        0x0
                0x000000000800810c                . = ALIGN (0x4)
                0x000000000800810c                PROVIDE (__preinit_array_start = .)
 *(.preinit_array*)
                0x000000000800810c                PROVIDE (__preinit_array_end = .)
                0x000000000800810c                . = ALIGN (0x4)

.init_array     0x000000000800810c        0x4
                0x000000000800810c                . = ALIGN (0x4)
                0x000000000800810c                PROVIDE (__init_array_start = .)
 *(SORT_BY_NAME(.init_array.*))
 *(.init_array*)
 .init_array    0x000000000800810c        0x4 c:/st/stm32cubeide_1.12.0/stm32cubeide/plugins/com.st.stm32cube.ide.mcu.externaltools.gnu-tools-for-stm32.10.3-2021.10.win32_1.0.200.202301161003/tools/bin/../lib/gcc/arm-none-eabi/10.3.1/thumb/v7e-m+fp/hard/crtbegin.o
                0x0000000008008110                PROVIDE (__init_array_end = .)
                0x0000000008008110                . = ALIGN (0x4)

.fini_array     0x0000000008008110        0x4
                0x0000000008008110                . = ALIGN (0x4)
                [!provide]                        PROVIDE (__fini_array_start = .)
 *(SORT_BY_NAME(.fini_array.*))
 *(.fini_array*)
 .fini_array    0x0000000008008110        0x4 c:/st/stm32cubeide_1.12.0/stm32cubeide/plugins/com.st.stm32cube.ide.mcu.externaltools.gnu-tools-for-stm32.10.3-2021.10.win32_1.0.200.202301161003/tools/bin/../lib/gcc/arm-none-eabi/10.3.1/thumb/v7e-m+fp/hard/crtbegin.o
                [!provide]                        PROVIDE (__fini_array_end = .)
                0x0000000008008114                . = ALIGN (0x4)
                0x0000000008008114                _sidata = LOADADDR (.data)

.data           0x0000000020000000       0xfc load address 0x0000000008008114
                0x0000000020000000                . = ALIGN (0x4)
                0x0000000020000000                _sdata = .
 *(.data)
 *(.data*)
 .data.SystemCoreClock
                0x0000000020000000        0x4 ./Core/Src/system_stm32f4xx.o
                0x0000000020000000                SystemCoreClock
 .data.uwTickPrio
                0x0000000020000004        0x4 ./Drivers/STM32F4xx_HAL_Driver/Src/stm32f4xx_hal.o
                0x0000000020000004                uwTickPrio
 .data.uwTickFreq
                0x0000000020000008        0x1 ./Drivers/STM32F4xx_HAL_Driver/Src/stm32f4xx_hal.o
                0x0000000020000008                uwTickFreq
 *fill*         0x0000000020000009        0x3 
 .data.USBD_CDC_DeviceQualifierDesc
                0x000000002000000c        0xa ./Middlewares/ST/STM32_USB_Device_Library/Class/CDC/Src/usbd_cdc.o
 *fill*         0x0000000020000016        0x2 
 .data.USBD_CDC
                0x0000000020000018       0x38 ./Middlewares/ST/STM32_USB_Device_Library/Class/CDC/Src/usbd_cdc.o
                0x0000000020000018                USBD_CDC
 .data.USBD_CDC_CfgDesc
                0x0000000020000050       0x43 ./Middlewares/ST/STM32_USB_Device_Library/Class/CDC/Src/usbd_cdc.o
 .data.CDCInEpAdd
                0x0000000020000093        0x1 ./Middlewares/ST/STM32_USB_Device_Library/Class/CDC/Src/usbd_cdc.o
 .data.CDCOutEpAdd
                0x0000000020000094        0x1 ./Middlewares/ST/STM32_USB_Device_Library/Class/CDC/Src/usbd_cdc.o
 .data.CDCCmdEpAdd
                0x0000000020000095        0x1 ./Middlewares/ST/STM32_USB_Device_Library/Class/CDC/Src/usbd_cdc.o
 *fill*         0x0000000020000096        0x2 
 .data.USBD_Interface_fops_FS
                0x0000000020000098       0x14 ./USB_DEVICE/App/usbd_cdc_if.o
                0x0000000020000098                USBD_Interface_fops_FS
 .data.FS_Desc  0x00000000200000ac       0x1c ./USB_DEVICE/App/usbd_desc.o
                0x00000000200000ac                FS_Desc
 .data.USBD_FS_DeviceDesc
                0x00000000200000c8       0x12 ./USB_DEVICE/App/usbd_desc.o
                0x00000000200000c8                USBD_FS_DeviceDesc
 *fill*         0x00000000200000da        0x2 
 .data.USBD_LangIDDesc
                0x00000000200000dc        0x4 ./USB_DEVICE/App/usbd_desc.o
                0x00000000200000dc                USBD_LangIDDesc
 .data.USBD_StringSerial
                0x00000000200000e0       0x1a ./USB_DEVICE/App/usbd_desc.o
                0x00000000200000e0                USBD_StringSerial
 *(.RamFunc)
 *(.RamFunc*)
                0x00000000200000fc                . = ALIGN (0x4)
 *fill*         0x00000000200000fa        0x2 
                0x00000000200000fc                _edata = .
                0x0000000008008210                _siccmram = LOADADDR (.ccmram)

.igot.plt       0x00000000200000fc        0x0 load address 0x0000000008008210
 .igot.plt      0x00000000200000fc        0x0 c:/st/stm32cubeide_1.12.0/stm32cubeide/plugins/com.st.stm32cube.ide.mcu.externaltools.gnu-tools-for-stm32.10.3-2021.10.win32_1.0.200.202301161003/tools/bin/../lib/gcc/arm-none-eabi/10.3.1/thumb/v7e-m+fp/hard/crtbegin.o

.ccmram         0x0000000010000000        0x0 load address 0x0000000008008210
                0x0000000010000000                . = ALIGN (0x4)
                0x0000000010000000                _sccmram = .
 *(.ccmram)
 *(.ccmram*)
                0x0000000010000000                . = ALIGN (0x4)
                0x0000000010000000                _eccmram = .
                0x0000000010000000                . = ALIGN (0x4)

.bss            0x00000000200000fc     0x216c
                0x00000000200000fc                _sbss = .
                0x00000000200000fc                __bss_start__ = _sbss
 *(.bss)
 .bss           0x00000000200000fc       0x1c c:/st/stm32cubeide_1.12.0/stm32cubeide/plugins/com.st.stm32cube.ide.mcu.externaltools.gnu-tools-for-stm32.10.3-2021.10.win32_1.0.200.202301161003/tools/bin/../lib/gcc/arm-none-eabi/10.3.1/thumb/v7e-m+fp/hard/crtbegin.o
 *(.bss*)
 .bss.uwTick    0x0000000020000118        0x4 ./Drivers/STM32F4xx_HAL_Driver/Src/stm32f4xx_hal.o
                0x0000000020000118                uwTick
 .bss.pcm_bNextAddrIsEx
                0x000000002000011c        0x1 ./Freemaster/freemaster_Kxx.o
 .bss.pcm_nAppCmd
                0x000000002000011d        0x1 ./Freemaster/freemaster_appcmd.o
 *fill*         0x000000002000011e        0x2 
 .bss.pcm_pAppCmdBuff
                0x0000000020000120       0x20 ./Freemaster/freemaster_appcmd.o
 .bss.pcm_nAppCmdLen
                0x0000000020000140        0x2 ./Freemaster/freemaster_appcmd.o
 .bss.pcm_nAppCmdResult
                0x0000000020000142        0x1 ./Freemaster/freemaster_appcmd.o
 .bss.pcm_nAppCmdResultDataLen
                0x0000000020000143        0x1 ./Freemaster/freemaster_appcmd.o
 .bss.pcm_pAppCmdCallId
                0x0000000020000144        0x4 ./Freemaster/freemaster_appcmd.o
 .bss.pcm_pAppCmdCallFunc
                0x0000000020000148       0x10 ./Freemaster/freemaster_appcmd.o
 .bss.pcm_wRecTotalSmps
                0x0000000020000158        0x2 ./Freemaster/freemaster_rec.o
                0x0000000020000158                pcm_wRecTotalSmps
 .bss.pcm_wRecPostTrigger
                0x000000002000015a        0x2 ./Freemaster/freemaster_rec.o
                0x000000002000015a                pcm_wRecPostTrigger
 .bss.pcm_nRecTriggerMode
                0x000000002000015c        0x1 ./Freemaster/freemaster_rec.o
                0x000000002000015c                pcm_nRecTriggerMode
 *fill*         0x000000002000015d        0x1 
 .bss.pcm_wRecTimeDiv
                0x000000002000015e        0x2 ./Freemaster/freemaster_rec.o
                0x000000002000015e                pcm_wRecTimeDiv
 .bss.pcm_nRecVarCount
                0x0000000020000160        0x1 ./Freemaster/freemaster_rec.o
                0x0000000020000160                pcm_nRecVarCount
 *fill*         0x0000000020000161        0x3 
 .bss.pcm_pRecVarAddr
                0x0000000020000164       0x20 ./Freemaster/freemaster_rec.o
                0x0000000020000164                pcm_pRecVarAddr
 .bss.pcm_pRecVarSize
                0x0000000020000184        0x8 ./Freemaster/freemaster_rec.o
                0x0000000020000184                pcm_pRecVarSize
 .bss.pcm_wRecTimeDivCtr
                0x000000002000018c        0x2 ./Freemaster/freemaster_rec.o
                0x000000002000018c                pcm_wRecTimeDivCtr
 .bss.pcm_wStoprecCountDown
                0x000000002000018e        0x2 ./Freemaster/freemaster_rec.o
                0x000000002000018e                pcm_wStoprecCountDown
 .bss.pcm_wRecFlags
                0x0000000020000190        0x4 ./Freemaster/freemaster_rec.o
                0x0000000020000190                pcm_wRecFlags
 .bss.pcm_wRecBuffStartIx
                0x0000000020000194        0x2 ./Freemaster/freemaster_rec.o
                0x0000000020000194                pcm_wRecBuffStartIx
 *fill*         0x0000000020000196        0x2 
 .bss.pcm_dwRecWritePtr
                0x0000000020000198        0x4 ./Freemaster/freemaster_rec.o
                0x0000000020000198                pcm_dwRecWritePtr
 .bss.pcm_dwRecEndBuffPtr
                0x000000002000019c        0x4 ./Freemaster/freemaster_rec.o
                0x000000002000019c                pcm_dwRecEndBuffPtr
 .bss.pcm_nTrgVarAddr
                0x00000000200001a0        0x4 ./Freemaster/freemaster_rec.o
 .bss.pcm_nTrgVarSize
                0x00000000200001a4        0x1 ./Freemaster/freemaster_rec.o
 .bss.pcm_bTrgVarSigned
                0x00000000200001a5        0x1 ./Freemaster/freemaster_rec.o
 *fill*         0x00000000200001a6        0x2 
 .bss.pcm_uTrgThreshold
                0x00000000200001a8        0x4 ./Freemaster/freemaster_rec.o
 .bss.pcm_nRecBuffAddr
                0x00000000200001ac        0x4 ./Freemaster/freemaster_rec.o
 .bss.pcm_pCompareFunc
                0x00000000200001b0        0x4 ./Freemaster/freemaster_rec.o
 .bss.pcm_pOwnRecBuffer
                0x00000000200001b4      0x400 ./Freemaster/freemaster_rec.o
 .bss.pcm_nScopeVarCount
                0x00000000200005b4        0x1 ./Freemaster/freemaster_scope.o
 *fill*         0x00000000200005b5        0x3 
 .bss.pcm_pScopeVarAddr
                0x00000000200005b8       0x20 ./Freemaster/freemaster_scope.o
 .bss.pcm_pScopeVarSize
                0x00000000200005d8        0x8 ./Freemaster/freemaster_scope.o
 .bss.pcm_pCommBuffer
                0x00000000200005e0       0x3f ./Freemaster/freemaster_serial.o
 *fill*         0x000000002000061f        0x1 
 .bss.pcm_wFlags
                0x0000000020000620        0x4 ./Freemaster/freemaster_serial.o
 .bss.pcm_nTxTodo
                0x0000000020000624        0x1 ./Freemaster/freemaster_serial.o
 .bss.pcm_nRxTodo
                0x0000000020000625        0x1 ./Freemaster/freemaster_serial.o
 *fill*         0x0000000020000626        0x2 
 .bss.pcm_pTxBuff
                0x0000000020000628        0x4 ./Freemaster/freemaster_serial.o
 .bss.pcm_pRxBuff
                0x000000002000062c        0x4 ./Freemaster/freemaster_serial.o
 .bss.pcm_nRxCheckSum
                0x0000000020000630        0x1 ./Freemaster/freemaster_serial.o
 *fill*         0x0000000020000631        0x3 
 .bss.pcm_pRQueueBuffer
                0x0000000020000634       0x20 ./Freemaster/freemaster_serial.o
 .bss.pcm_pRQueueRP
                0x0000000020000654        0x4 ./Freemaster/freemaster_serial.o
 .bss.pcm_pRQueueWP
                0x0000000020000658        0x4 ./Freemaster/freemaster_serial.o
 .bss.cfgidx.0  0x000000002000065c        0x1 ./Middlewares/ST/STM32_USB_Device_Library/Core/Src/usbd_ctlreq.o
 *fill*         0x000000002000065d        0x3 
 .bss.hUsbDeviceFS
                0x0000000020000660      0x2dc ./USB_DEVICE/App/usb_device.o
                0x0000000020000660                hUsbDeviceFS
 .bss.UserRxBufferFS
                0x000000002000093c      0x800 ./USB_DEVICE/App/usbd_cdc_if.o
                0x000000002000093c                UserRxBufferFS
 .bss.UserTxBufferFS
                0x000000002000113c      0x800 ./USB_DEVICE/App/usbd_cdc_if.o
                0x000000002000113c                UserTxBufferFS
 .bss.USBD_StrDesc
                0x000000002000193c      0x200 ./USB_DEVICE/App/usbd_desc.o
                0x000000002000193c                USBD_StrDesc
 .bss.hpcd_USB_OTG_FS
                0x0000000020001b3c      0x50c ./USB_DEVICE/Target/usbd_conf.o
                0x0000000020001b3c                hpcd_USB_OTG_FS
 .bss.mem.0     0x0000000020002048      0x220 ./USB_DEVICE/Target/usbd_conf.o
 *(COMMON)
                0x0000000020002268                . = ALIGN (0x4)
                0x0000000020002268                _ebss = .
                0x0000000020002268                __bss_end__ = _ebss

._user_heap_stack
                0x0000000020002268      0x600
                0x0000000020002268                . = ALIGN (0x8)
                [!provide]                        PROVIDE (end = .)
                0x0000000020002268                PROVIDE (_end = .)
                0x0000000020002468                . = (. + _Min_Heap_Size)
 *fill*         0x0000000020002268      0x200 
                0x0000000020002868                . = (. + _Min_Stack_Size)
 *fill*         0x0000000020002468      0x400 
                0x0000000020002868                . = ALIGN (0x8)

/DISCARD/
 libc.a(*)
 libm.a(*)
 libgcc.a(*)

.ARM.attributes
                0x0000000000000000       0x30
 *(.ARM.attributes)
 .ARM.attributes
                0x0000000000000000       0x1e c:/st/stm32cubeide_1.12.0/stm32cubeide/plugins/com.st.stm32cube.ide.mcu.externaltools.gnu-tools-for-stm32.10.3-2021.10.win32_1.0.200.202301161003/tools/bin/../lib/gcc/arm-none-eabi/10.3.1/thumb/v7e-m+fp/hard/crti.o
 .ARM.attributes
                0x000000000000001e       0x34 c:/st/stm32cubeide_1.12.0/stm32cubeide/plugins/com.st.stm32cube.ide.mcu.externaltools.gnu-tools-for-stm32.10.3-2021.10.win32_1.0.200.202301161003/tools/bin/../lib/gcc/arm-none-eabi/10.3.1/thumb/v7e-m+fp/hard/crtbegin.o
 .ARM.attributes
                0x0000000000000052       0x34 ./Core/Src/main.o
 .ARM.attributes
                0x0000000000000086       0x34 ./Core/Src/stm32f4xx_hal_msp.o
 .ARM.attributes
                0x00000000000000ba       0x34 ./Core/Src/stm32f4xx_it.o
 .ARM.attributes
                0x00000000000000ee       0x34 ./Core/Src/system_stm32f4xx.o
 .ARM.attributes
                0x0000000000000122       0x21 ./Core/Startup/startup_stm32f407vgtx.o
 .ARM.attributes
                0x0000000000000143       0x34 ./Drivers/STM32F4xx_HAL_Driver/Src/stm32f4xx_hal.o
 .ARM.attributes
                0x0000000000000177       0x34 ./Drivers/STM32F4xx_HAL_Driver/Src/stm32f4xx_hal_cortex.o
 .ARM.attributes
                0x00000000000001ab       0x34 ./Drivers/STM32F4xx_HAL_Driver/Src/stm32f4xx_hal_gpio.o
 .ARM.attributes
                0x00000000000001df       0x34 ./Drivers/STM32F4xx_HAL_Driver/Src/stm32f4xx_hal_pcd.o
 .ARM.attributes
                0x0000000000000213       0x34 ./Drivers/STM32F4xx_HAL_Driver/Src/stm32f4xx_hal_pcd_ex.o
 .ARM.attributes
                0x0000000000000247       0x34 ./Drivers/STM32F4xx_HAL_Driver/Src/stm32f4xx_hal_rcc.o
 .ARM.attributes
                0x000000000000027b       0x34 ./Drivers/STM32F4xx_HAL_Driver/Src/stm32f4xx_ll_usb.o
 .ARM.attributes
                0x00000000000002af       0x34 ./Freemaster/freemaster_Kxx.o
 .ARM.attributes
                0x00000000000002e3       0x34 ./Freemaster/freemaster_appcmd.o
 .ARM.attributes
                0x0000000000000317       0x34 ./Freemaster/freemaster_protocol.o
 .ARM.attributes
                0x000000000000034b       0x34 ./Freemaster/freemaster_rec.o
 .ARM.attributes
                0x000000000000037f       0x34 ./Freemaster/freemaster_scope.o
 .ARM.attributes
                0x00000000000003b3       0x34 ./Freemaster/freemaster_serial.o
 .ARM.attributes
                0x00000000000003e7       0x34 ./Middlewares/ST/STM32_USB_Device_Library/Class/CDC/Src/usbd_cdc.o
 .ARM.attributes
                0x000000000000041b       0x34 ./Middlewares/ST/STM32_USB_Device_Library/Core/Src/usbd_core.o
 .ARM.attributes
                0x000000000000044f       0x34 ./Middlewares/ST/STM32_USB_Device_Library/Core/Src/usbd_ctlreq.o
 .ARM.attributes
                0x0000000000000483       0x34 ./Middlewares/ST/STM32_USB_Device_Library/Core/Src/usbd_ioreq.o
 .ARM.attributes
                0x00000000000004b7       0x34 ./USB_DEVICE/App/usb_device.o
 .ARM.attributes
                0x00000000000004eb       0x34 ./USB_DEVICE/App/usbd_cdc_if.o
 .ARM.attributes
                0x000000000000051f       0x34 ./USB_DEVICE/App/usbd_desc.o
 .ARM.attributes
                0x0000000000000553       0x34 ./USB_DEVICE/Target/usbd_conf.o
 .ARM.attributes
                0x0000000000000587       0x34 c:/st/stm32cubeide_1.12.0/stm32cubeide/plugins/com.st.stm32cube.ide.mcu.externaltools.gnu-tools-for-stm32.10.3-2021.10.win32_1.0.200.202301161003/tools/bin/../lib/gcc/arm-none-eabi/10.3.1/../../../../arm-none-eabi/lib/thumb/v7e-m+fp/hard\libc_nano.a(lib_a-init.o)
 .ARM.attributes
                0x00000000000005bb       0x34 c:/st/stm32cubeide_1.12.0/stm32cubeide/plugins/com.st.stm32cube.ide.mcu.externaltools.gnu-tools-for-stm32.10.3-2021.10.win32_1.0.200.202301161003/tools/bin/../lib/gcc/arm-none-eabi/10.3.1/../../../../arm-none-eabi/lib/thumb/v7e-m+fp/hard\libc_nano.a(lib_a-memset.o)
 .ARM.attributes
                0x00000000000005ef       0x1e c:/st/stm32cubeide_1.12.0/stm32cubeide/plugins/com.st.stm32cube.ide.mcu.externaltools.gnu-tools-for-stm32.10.3-2021.10.win32_1.0.200.202301161003/tools/bin/../lib/gcc/arm-none-eabi/10.3.1/thumb/v7e-m+fp/hard\libgcc.a(_aeabi_uldivmod.o)
 .ARM.attributes
                0x000000000000060d       0x34 c:/st/stm32cubeide_1.12.0/stm32cubeide/plugins/com.st.stm32cube.ide.mcu.externaltools.gnu-tools-for-stm32.10.3-2021.10.win32_1.0.200.202301161003/tools/bin/../lib/gcc/arm-none-eabi/10.3.1/thumb/v7e-m+fp/hard\libgcc.a(_udivmoddi4.o)
 .ARM.attributes
                0x0000000000000641       0x1e c:/st/stm32cubeide_1.12.0/stm32cubeide/plugins/com.st.stm32cube.ide.mcu.externaltools.gnu-tools-for-stm32.10.3-2021.10.win32_1.0.200.202301161003/tools/bin/../lib/gcc/arm-none-eabi/10.3.1/thumb/v7e-m+fp/hard\libgcc.a(_dvmd_tls.o)
 .ARM.attributes
                0x000000000000065f       0x1e c:/st/stm32cubeide_1.12.0/stm32cubeide/plugins/com.st.stm32cube.ide.mcu.externaltools.gnu-tools-for-stm32.10.3-2021.10.win32_1.0.200.202301161003/tools/bin/../lib/gcc/arm-none-eabi/10.3.1/thumb/v7e-m+fp/hard/crtn.o
OUTPUT(CubeMX_FM_CDC.elf elf32-littlearm)
LOAD linker stubs
LOAD c:/st/stm32cubeide_1.12.0/stm32cubeide/plugins/com.st.stm32cube.ide.mcu.externaltools.gnu-tools-for-stm32.10.3-2021.10.win32_1.0.200.202301161003/tools/bin/../lib/gcc/arm-none-eabi/10.3.1/../../../../arm-none-eabi/lib/thumb/v7e-m+fp/hard\libc.a
LOAD c:/st/stm32cubeide_1.12.0/stm32cubeide/plugins/com.st.stm32cube.ide.mcu.externaltools.gnu-tools-for-stm32.10.3-2021.10.win32_1.0.200.202301161003/tools/bin/../lib/gcc/arm-none-eabi/10.3.1/../../../../arm-none-eabi/lib/thumb/v7e-m+fp/hard\libm.a
LOAD c:/st/stm32cubeide_1.12.0/stm32cubeide/plugins/com.st.stm32cube.ide.mcu.externaltools.gnu-tools-for-stm32.10.3-2021.10.win32_1.0.200.202301161003/tools/bin/../lib/gcc/arm-none-eabi/10.3.1/thumb/v7e-m+fp/hard\libgcc.a

.debug_info     0x0000000000000000     0xfc04
 .debug_info    0x0000000000000000      0x7b1 ./Core/Src/main.o
 .debug_info    0x00000000000007b1      0x2a8 ./Core/Src/stm32f4xx_hal_msp.o
 .debug_info    0x0000000000000a59      0x650 ./Core/Src/stm32f4xx_it.o
 .debug_info    0x00000000000010a9      0x523 ./Core/Src/system_stm32f4xx.o
 .debug_info    0x00000000000015cc       0x22 ./Core/Startup/startup_stm32f407vgtx.o
 .debug_info    0x00000000000015ee      0x97c ./Drivers/STM32F4xx_HAL_Driver/Src/stm32f4xx_hal.o
 .debug_info    0x0000000000001f6a      0xe1b ./Drivers/STM32F4xx_HAL_Driver/Src/stm32f4xx_hal_cortex.o
 .debug_info    0x0000000000002d85      0x76a ./Drivers/STM32F4xx_HAL_Driver/Src/stm32f4xx_hal_gpio.o
 .debug_info    0x00000000000034ef     0x1695 ./Drivers/STM32F4xx_HAL_Driver/Src/stm32f4xx_hal_pcd.o
 .debug_info    0x0000000000004b84      0x717 ./Drivers/STM32F4xx_HAL_Driver/Src/stm32f4xx_hal_pcd_ex.o
 .debug_info    0x000000000000529b      0x966 ./Drivers/STM32F4xx_HAL_Driver/Src/stm32f4xx_hal_rcc.o
 .debug_info    0x0000000000005c01     0x1a97 ./Drivers/STM32F4xx_HAL_Driver/Src/stm32f4xx_ll_usb.o
 .debug_info    0x0000000000007698      0x438 ./Freemaster/freemaster_Kxx.o
 .debug_info    0x0000000000007ad0      0x4b9 ./Freemaster/freemaster_appcmd.o
 .debug_info    0x0000000000007f89      0x657 ./Freemaster/freemaster_protocol.o
 .debug_info    0x00000000000085e0      0x7f0 ./Freemaster/freemaster_rec.o
 .debug_info    0x0000000000008dd0      0x1db ./Freemaster/freemaster_scope.o
 .debug_info    0x0000000000008fab      0x47d ./Freemaster/freemaster_serial.o
 .debug_info    0x0000000000009428     0x130c ./Middlewares/ST/STM32_USB_Device_Library/Class/CDC/Src/usbd_cdc.o
 .debug_info    0x000000000000a734      0xee7 ./Middlewares/ST/STM32_USB_Device_Library/Core/Src/usbd_core.o
 .debug_info    0x000000000000b61b      0xb7f ./Middlewares/ST/STM32_USB_Device_Library/Core/Src/usbd_ctlreq.o
 .debug_info    0x000000000000c19a      0x7da ./Middlewares/ST/STM32_USB_Device_Library/Core/Src/usbd_ioreq.o
 .debug_info    0x000000000000c974      0x76a ./USB_DEVICE/App/usb_device.o
 .debug_info    0x000000000000d0de      0x96f ./USB_DEVICE/App/usbd_cdc_if.o
 .debug_info    0x000000000000da4d      0x498 ./USB_DEVICE/App/usbd_desc.o
 .debug_info    0x000000000000dee5     0x1d1f ./USB_DEVICE/Target/usbd_conf.o

.debug_abbrev   0x0000000000000000     0x3273
 .debug_abbrev  0x0000000000000000      0x265 ./Core/Src/main.o
 .debug_abbrev  0x0000000000000265       0xd4 ./Core/Src/stm32f4xx_hal_msp.o
 .debug_abbrev  0x0000000000000339      0x199 ./Core/Src/stm32f4xx_it.o
 .debug_abbrev  0x00000000000004d2      0x116 ./Core/Src/system_stm32f4xx.o
 .debug_abbrev  0x00000000000005e8       0x12 ./Core/Startup/startup_stm32f407vgtx.o
 .debug_abbrev  0x00000000000005fa      0x20d ./Drivers/STM32F4xx_HAL_Driver/Src/stm32f4xx_hal.o
 .debug_abbrev  0x0000000000000807      0x316 ./Drivers/STM32F4xx_HAL_Driver/Src/stm32f4xx_hal_cortex.o
 .debug_abbrev  0x0000000000000b1d      0x1c4 ./Drivers/STM32F4xx_HAL_Driver/Src/stm32f4xx_hal_gpio.o
 .debug_abbrev  0x0000000000000ce1      0x2bb ./Drivers/STM32F4xx_HAL_Driver/Src/stm32f4xx_hal_pcd.o
 .debug_abbrev  0x0000000000000f9c      0x1ce ./Drivers/STM32F4xx_HAL_Driver/Src/stm32f4xx_hal_pcd_ex.o
 .debug_abbrev  0x000000000000116a      0x2aa ./Drivers/STM32F4xx_HAL_Driver/Src/stm32f4xx_hal_rcc.o
 .debug_abbrev  0x0000000000001414      0x296 ./Drivers/STM32F4xx_HAL_Driver/Src/stm32f4xx_ll_usb.o
 .debug_abbrev  0x00000000000016aa      0x103 ./Freemaster/freemaster_Kxx.o
 .debug_abbrev  0x00000000000017ad      0x1ae ./Freemaster/freemaster_appcmd.o
 .debug_abbrev  0x000000000000195b      0x15f ./Freemaster/freemaster_protocol.o
 .debug_abbrev  0x0000000000001aba      0x29f ./Freemaster/freemaster_rec.o
 .debug_abbrev  0x0000000000001d59       0xd5 ./Freemaster/freemaster_scope.o
 .debug_abbrev  0x0000000000001e2e      0x21f ./Freemaster/freemaster_serial.o
 .debug_abbrev  0x000000000000204d      0x2be ./Middlewares/ST/STM32_USB_Device_Library/Class/CDC/Src/usbd_cdc.o
 .debug_abbrev  0x000000000000230b      0x263 ./Middlewares/ST/STM32_USB_Device_Library/Core/Src/usbd_core.o
 .debug_abbrev  0x000000000000256e      0x25c ./Middlewares/ST/STM32_USB_Device_Library/Core/Src/usbd_ctlreq.o
 .debug_abbrev  0x00000000000027ca      0x18a ./Middlewares/ST/STM32_USB_Device_Library/Core/Src/usbd_ioreq.o
 .debug_abbrev  0x0000000000002954      0x18a ./USB_DEVICE/App/usb_device.o
 .debug_abbrev  0x0000000000002ade      0x290 ./USB_DEVICE/App/usbd_cdc_if.o
 .debug_abbrev  0x0000000000002d6e      0x1da ./USB_DEVICE/App/usbd_desc.o
 .debug_abbrev  0x0000000000002f48      0x32b ./USB_DEVICE/Target/usbd_conf.o

.debug_aranges  0x0000000000000000      0xdd8
 .debug_aranges
                0x0000000000000000       0x40 ./Core/Src/main.o
 .debug_aranges
                0x0000000000000040       0x20 ./Core/Src/stm32f4xx_hal_msp.o
 .debug_aranges
                0x0000000000000060       0x68 ./Core/Src/stm32f4xx_it.o
 .debug_aranges
                0x00000000000000c8       0x28 ./Core/Src/system_stm32f4xx.o
 .debug_aranges
                0x00000000000000f0       0x28 ./Core/Startup/startup_stm32f407vgtx.o
 .debug_aranges
                0x0000000000000118       0xf0 ./Drivers/STM32F4xx_HAL_Driver/Src/stm32f4xx_hal.o
 .debug_aranges
                0x0000000000000208      0x118 ./Drivers/STM32F4xx_HAL_Driver/Src/stm32f4xx_hal_cortex.o
 .debug_aranges
                0x0000000000000320       0x58 ./Drivers/STM32F4xx_HAL_Driver/Src/stm32f4xx_hal_gpio.o
 .debug_aranges
                0x0000000000000378      0x148 ./Drivers/STM32F4xx_HAL_Driver/Src/stm32f4xx_hal_pcd.o
 .debug_aranges
                0x00000000000004c0       0x38 ./Drivers/STM32F4xx_HAL_Driver/Src/stm32f4xx_hal_pcd_ex.o
 .debug_aranges
                0x00000000000004f8       0x88 ./Drivers/STM32F4xx_HAL_Driver/Src/stm32f4xx_hal_rcc.o
 .debug_aranges
                0x0000000000000580      0x1a0 ./Drivers/STM32F4xx_HAL_Driver/Src/stm32f4xx_ll_usb.o
 .debug_aranges
                0x0000000000000720       0x78 ./Freemaster/freemaster_Kxx.o
 .debug_aranges
                0x0000000000000798       0x68 ./Freemaster/freemaster_appcmd.o
 .debug_aranges
                0x0000000000000800       0x70 ./Freemaster/freemaster_protocol.o
 .debug_aranges
                0x0000000000000870       0xb0 ./Freemaster/freemaster_rec.o
 .debug_aranges
                0x0000000000000920       0x30 ./Freemaster/freemaster_scope.o
 .debug_aranges
                0x0000000000000950       0x68 ./Freemaster/freemaster_serial.o
 .debug_aranges
                0x00000000000009b8       0x90 ./Middlewares/ST/STM32_USB_Device_Library/Class/CDC/Src/usbd_cdc.o
 .debug_aranges
                0x0000000000000a48       0xd8 ./Middlewares/ST/STM32_USB_Device_Library/Core/Src/usbd_core.o
 .debug_aranges
                0x0000000000000b20       0x90 ./Middlewares/ST/STM32_USB_Device_Library/Core/Src/usbd_ctlreq.o
 .debug_aranges
                0x0000000000000bb0       0x50 ./Middlewares/ST/STM32_USB_Device_Library/Core/Src/usbd_ioreq.o
 .debug_aranges
                0x0000000000000c00       0x20 ./USB_DEVICE/App/usb_device.o
 .debug_aranges
                0x0000000000000c20       0x48 ./USB_DEVICE/App/usbd_cdc_if.o
 .debug_aranges
                0x0000000000000c68       0x60 ./USB_DEVICE/App/usbd_desc.o
 .debug_aranges
                0x0000000000000cc8      0x110 ./USB_DEVICE/Target/usbd_conf.o

.debug_ranges   0x0000000000000000      0xc40
 .debug_ranges  0x0000000000000000       0x30 ./Core/Src/main.o
 .debug_ranges  0x0000000000000030       0x10 ./Core/Src/stm32f4xx_hal_msp.o
 .debug_ranges  0x0000000000000040       0x58 ./Core/Src/stm32f4xx_it.o
 .debug_ranges  0x0000000000000098       0x18 ./Core/Src/system_stm32f4xx.o
 .debug_ranges  0x00000000000000b0       0x20 ./Core/Startup/startup_stm32f407vgtx.o
 .debug_ranges  0x00000000000000d0       0xe0 ./Drivers/STM32F4xx_HAL_Driver/Src/stm32f4xx_hal.o
 .debug_ranges  0x00000000000001b0      0x108 ./Drivers/STM32F4xx_HAL_Driver/Src/stm32f4xx_hal_cortex.o
 .debug_ranges  0x00000000000002b8       0x48 ./Drivers/STM32F4xx_HAL_Driver/Src/stm32f4xx_hal_gpio.o
 .debug_ranges  0x0000000000000300      0x138 ./Drivers/STM32F4xx_HAL_Driver/Src/stm32f4xx_hal_pcd.o
 .debug_ranges  0x0000000000000438       0x28 ./Drivers/STM32F4xx_HAL_Driver/Src/stm32f4xx_hal_pcd_ex.o
 .debug_ranges  0x0000000000000460       0x78 ./Drivers/STM32F4xx_HAL_Driver/Src/stm32f4xx_hal_rcc.o
 .debug_ranges  0x00000000000004d8      0x190 ./Drivers/STM32F4xx_HAL_Driver/Src/stm32f4xx_ll_usb.o
 .debug_ranges  0x0000000000000668       0x68 ./Freemaster/freemaster_Kxx.o
 .debug_ranges  0x00000000000006d0       0x58 ./Freemaster/freemaster_appcmd.o
 .debug_ranges  0x0000000000000728       0x60 ./Freemaster/freemaster_protocol.o
 .debug_ranges  0x0000000000000788       0xa0 ./Freemaster/freemaster_rec.o
 .debug_ranges  0x0000000000000828       0x20 ./Freemaster/freemaster_scope.o
 .debug_ranges  0x0000000000000848       0x58 ./Freemaster/freemaster_serial.o
 .debug_ranges  0x00000000000008a0       0x80 ./Middlewares/ST/STM32_USB_Device_Library/Class/CDC/Src/usbd_cdc.o
 .debug_ranges  0x0000000000000920       0xc8 ./Middlewares/ST/STM32_USB_Device_Library/Core/Src/usbd_core.o
 .debug_ranges  0x00000000000009e8       0x80 ./Middlewares/ST/STM32_USB_Device_Library/Core/Src/usbd_ctlreq.o
 .debug_ranges  0x0000000000000a68       0x40 ./Middlewares/ST/STM32_USB_Device_Library/Core/Src/usbd_ioreq.o
 .debug_ranges  0x0000000000000aa8       0x10 ./USB_DEVICE/App/usb_device.o
 .debug_ranges  0x0000000000000ab8       0x38 ./USB_DEVICE/App/usbd_cdc_if.o
 .debug_ranges  0x0000000000000af0       0x50 ./USB_DEVICE/App/usbd_desc.o
 .debug_ranges  0x0000000000000b40      0x100 ./USB_DEVICE/Target/usbd_conf.o

.debug_macro    0x0000000000000000    0x238a0
 .debug_macro   0x0000000000000000      0x3f8 ./Core/Src/main.o
 .debug_macro   0x00000000000003f8      0xa78 ./Core/Src/main.o
 .debug_macro   0x0000000000000e70      0x295 ./Core/Src/main.o
 .debug_macro   0x0000000000001105       0x2e ./Core/Src/main.o
 .debug_macro   0x0000000000001133       0x2f ./Core/Src/main.o
 .debug_macro   0x0000000000001162       0x22 ./Core/Src/main.o
 .debug_macro   0x0000000000001184       0x8e ./Core/Src/main.o
 .debug_macro   0x0000000000001212       0x51 ./Core/Src/main.o
 .debug_macro   0x0000000000001263      0x103 ./Core/Src/main.o
 .debug_macro   0x0000000000001366       0x6a ./Core/Src/main.o
 .debug_macro   0x00000000000013d0      0x1df ./Core/Src/main.o
 .debug_macro   0x00000000000015af       0x1c ./Core/Src/main.o
 .debug_macro   0x00000000000015cb       0x22 ./Core/Src/main.o
 .debug_macro   0x00000000000015ed       0xd9 ./Core/Src/main.o
 .debug_macro   0x00000000000016c6     0x102d ./Core/Src/main.o
 .debug_macro   0x00000000000026f3      0x11f ./Core/Src/main.o
 .debug_macro   0x0000000000002812    0x15e82 ./Core/Src/main.o
 .debug_macro   0x0000000000018694       0x6d ./Core/Src/main.o
 .debug_macro   0x0000000000018701     0x367e ./Core/Src/main.o
 .debug_macro   0x000000000001bd7f      0x174 ./Core/Src/main.o
 .debug_macro   0x000000000001bef3       0x5c ./Core/Src/main.o
 .debug_macro   0x000000000001bf4f      0x96b ./Core/Src/main.o
 .debug_macro   0x000000000001c8ba      0x9fe ./Core/Src/main.o
 .debug_macro   0x000000000001d2b8      0x115 ./Core/Src/main.o
 .debug_macro   0x000000000001d3cd      0x13e ./Core/Src/main.o
 .debug_macro   0x000000000001d50b       0xa5 ./Core/Src/main.o
 .debug_macro   0x000000000001d5b0      0x174 ./Core/Src/main.o
 .debug_macro   0x000000000001d724      0x287 ./Core/Src/main.o
 .debug_macro   0x000000000001d9ab       0x5f ./Core/Src/main.o
 .debug_macro   0x000000000001da0a      0x236 ./Core/Src/main.o
 .debug_macro   0x000000000001dc40      0x12c ./Core/Src/main.o
 .debug_macro   0x000000000001dd6c      0x21e ./Core/Src/main.o
 .debug_macro   0x000000000001df8a       0x2e ./Core/Src/main.o
 .debug_macro   0x000000000001dfb8      0x11a ./Core/Src/main.o
 .debug_macro   0x000000000001e0d2       0x7e ./Core/Src/main.o
 .debug_macro   0x000000000001e150       0x89 ./Core/Src/main.o
 .debug_macro   0x000000000001e1d9      0x248 ./Core/Src/main.o
 .debug_macro   0x000000000001e421       0xba ./Core/Src/main.o
 .debug_macro   0x000000000001e4db      0x12d ./Core/Src/main.o
 .debug_macro   0x000000000001e608       0x52 ./Core/Src/main.o
 .debug_macro   0x000000000001e65a       0x1e ./Core/Src/main.o
 .debug_macro   0x000000000001e678       0x3c ./Core/Src/main.o
 .debug_macro   0x000000000001e6b4       0x34 ./Core/Src/main.o
 .debug_macro   0x000000000001e6e8       0x16 ./Core/Src/main.o
 .debug_macro   0x000000000001e6fe       0x35 ./Core/Src/main.o
 .debug_macro   0x000000000001e733      0x341 ./Core/Src/main.o
 .debug_macro   0x000000000001ea74       0x10 ./Core/Src/main.o
 .debug_macro   0x000000000001ea84       0x16 ./Core/Src/main.o
 .debug_macro   0x000000000001ea9a       0x43 ./Core/Src/main.o
 .debug_macro   0x000000000001eadd       0x34 ./Core/Src/main.o
 .debug_macro   0x000000000001eb11       0x10 ./Core/Src/main.o
 .debug_macro   0x000000000001eb21       0x58 ./Core/Src/main.o
 .debug_macro   0x000000000001eb79       0x71 ./Core/Src/main.o
 .debug_macro   0x000000000001ebea       0x1c ./Core/Src/main.o
 .debug_macro   0x000000000001ec06      0x12a ./Core/Src/main.o
 .debug_macro   0x000000000001ed30       0x10 ./Core/Src/main.o
 .debug_macro   0x000000000001ed40       0x1c ./Core/Src/main.o
 .debug_macro   0x000000000001ed5c       0x52 ./Core/Src/main.o
 .debug_macro   0x000000000001edae       0x22 ./Core/Src/main.o
 .debug_macro   0x000000000001edd0       0x10 ./Core/Src/main.o
 .debug_macro   0x000000000001ede0       0x52 ./Core/Src/main.o
 .debug_macro   0x000000000001ee32       0xd5 ./Core/Src/main.o
 .debug_macro   0x000000000001ef07       0x1c ./Core/Src/main.o
 .debug_macro   0x000000000001ef23       0x3d ./Core/Src/main.o
 .debug_macro   0x000000000001ef60       0x16 ./Core/Src/main.o
 .debug_macro   0x000000000001ef76      0x145 ./Core/Src/main.o
 .debug_macro   0x000000000001f0bb       0x16 ./Core/Src/main.o
 .debug_macro   0x000000000001f0d1       0x16 ./Core/Src/main.o
 .debug_macro   0x000000000001f0e7       0x29 ./Core/Src/main.o
 .debug_macro   0x000000000001f110       0x16 ./Core/Src/main.o
 .debug_macro   0x000000000001f126       0x20 ./Core/Src/main.o
 .debug_macro   0x000000000001f146       0x65 ./Core/Src/main.o
 .debug_macro   0x000000000001f1ab      0x20f ./Core/Src/main.o
 .debug_macro   0x000000000001f3ba       0x10 ./Core/Src/main.o
 .debug_macro   0x000000000001f3ca       0xe2 ./Core/Src/main.o
 .debug_macro   0x000000000001f4ac      0x141 ./Core/Src/main.o
 .debug_macro   0x000000000001f5ed      0x18f ./Core/Src/main.o
 .debug_macro   0x000000000001f77c       0x2e ./Core/Src/main.o
 .debug_macro   0x000000000001f7aa      0x1de ./Core/Src/stm32f4xx_hal_msp.o
 .debug_macro   0x000000000001f988      0x1e8 ./Core/Src/stm32f4xx_it.o
 .debug_macro   0x000000000001fb70      0x1d4 ./Core/Src/system_stm32f4xx.o
 .debug_macro   0x000000000001fd44      0x234 ./Drivers/STM32F4xx_HAL_Driver/Src/stm32f4xx_hal.o
 .debug_macro   0x000000000001ff78      0x1d4 ./Drivers/STM32F4xx_HAL_Driver/Src/stm32f4xx_hal_cortex.o
 .debug_macro   0x000000000002014c      0x1da ./Drivers/STM32F4xx_HAL_Driver/Src/stm32f4xx_hal_gpio.o
 .debug_macro   0x0000000000020326      0x1e0 ./Drivers/STM32F4xx_HAL_Driver/Src/stm32f4xx_hal_pcd.o
 .debug_macro   0x0000000000020506      0x1d4 ./Drivers/STM32F4xx_HAL_Driver/Src/stm32f4xx_hal_pcd_ex.o
 .debug_macro   0x00000000000206da      0x1f8 ./Drivers/STM32F4xx_HAL_Driver/Src/stm32f4xx_hal_rcc.o
 .debug_macro   0x00000000000208d2      0x1d4 ./Drivers/STM32F4xx_HAL_Driver/Src/stm32f4xx_ll_usb.o
 .debug_macro   0x0000000000020aa6       0x58 ./Freemaster/freemaster_Kxx.o
 .debug_macro   0x0000000000020afe       0x34 ./Freemaster/freemaster_Kxx.o
 .debug_macro   0x0000000000020b32       0x10 ./Freemaster/freemaster_Kxx.o
 .debug_macro   0x0000000000020b42      0x41a ./Freemaster/freemaster_Kxx.o
 .debug_macro   0x0000000000020f5c       0x43 ./Freemaster/freemaster_Kxx.o
 .debug_macro   0x0000000000020f9f       0x61 ./Freemaster/freemaster_appcmd.o
 .debug_macro   0x0000000000021000      0x228 ./Freemaster/freemaster_appcmd.o
 .debug_macro   0x0000000000021228       0x61 ./Freemaster/freemaster_protocol.o
 .debug_macro   0x0000000000021289       0x71 ./Freemaster/freemaster_rec.o