../Freemaster/freemaster_serial.c:800:19:FMSTR_InitUSB	4	static
../Freemaster/freemaster_serial.c:829:13:FMSTR_ProcessUSB	8	static
../Freemaster/freemaster_serial.c:858:13:FMSTR_SendUsbPacket	16	static
../Freemaster/freemaster_serial.c:1070:13:FMSTR_Listen	4	static
../Freemaster/freemaster_serial.c:1123:13:FMSTR_SendError	16	static
../Freemaster/freemaster_serial.c:1142:6:FMSTR_SendResponse	24	static
../Freemaster/freemaster_serial.c:1254:12:FMSTR_Tx	16	static
../Freemaster/freemaster_serial.c:1321:12:FMSTR_Rx	24	static
../Freemaster/freemaster_serial.c:1443:12:FMSTR_InitSerial	8	static
../Freemaster/freemaster_serial.c:1541:6:FMSTR_Poll	8	static
